VERIFIED 137041 gp_balanced_mlp_seed41
VERIFIED 137041 gp_balanced_mlp_seed42
VERIFIED 137041 gp_balanced_mlp_seed43
VERIFIED 137041 gp_mlp_seed41
VERIFIED 137041 gp_mlp_seed42
VERIFIED 137041 gp_mlp_seed43
VERIFIED 137041 gp_s4_seed41
VERIFIED 137041 gp_s4_seed42
VERIFIED 137041 gp_s4_seed43
VERIFIED 137041 gp_whitened_mlp_seed41
VERIFIED 137041 gp_whitened_mlp_seed42
VERIFIED 137041 gp_whitened_mlp_seed43
VERIFIED 137041 gp_whitened_raw_mlp_seed41
VERIFIED 137041 gp_whitened_raw_mlp_seed42
VERIFIED 137041 gp_whitened_raw_mlp_seed43
VERIFIED 137041 mix050_mlp_seed41
VERIFIED 137041 mix050_mlp_seed42
VERIFIED 137041 mix050_mlp_seed43
VERIFIED 137041 mix050_s4_seed41
VERIFIED 137041 mix050_s4_seed42
VERIFIED 137041 mix050_s4_seed43
VERIFIED 137041 mix050_whitened_mlp_seed41
VERIFIED 137041 mix050_whitened_mlp_seed42
VERIFIED 137041 mix050_whitened_mlp_seed43
VERIFIED 137041 mix090_mlp_seed41
VERIFIED 137041 mix090_mlp_seed42
VERIFIED 137041 mix090_mlp_seed43
VERIFIED 137041 mix090_s4_seed41
VERIFIED 137041 mix090_s4_seed42
VERIFIED 137041 mix090_s4_seed43
VERIFIED 137041 mix090_whitened_mlp_seed41
VERIFIED 137041 mix090_whitened_mlp_seed42
VERIFIED 137041 mix090_whitened_mlp_seed43
VERIFIED 137041 mix099_mlp_seed41
VERIFIED 137041 mix099_mlp_seed42
VERIFIED 137041 mix099_mlp_seed43
VERIFIED 137041 mix099_s4_seed41
VERIFIED 137041 mix099_s4_seed42
VERIFIED 137041 mix099_s4_seed43
VERIFIED 137041 mix099_whitened_mlp_seed41
VERIFIED 137041 mix099_whitened_mlp_seed42
VERIFIED 137041 mix099_whitened_mlp_seed43
VERIFIED 137041 white_mlp_seed41
VERIFIED 137041 white_mlp_seed42
VERIFIED 137041 white_mlp_seed43
VERIFIED 137041 white_s4_seed41
VERIFIED 137041 white_s4_seed42
VERIFIED 137041 white_s4_seed43
VERIFIED 137041 white_whitened_mlp_seed41
VERIFIED 137041 white_whitened_mlp_seed42
VERIFIED 137041 white_whitened_mlp_seed43
VERIFIED 237041 gp_balanced_mlp_seed41
VERIFIED 237041 gp_balanced_mlp_seed42
VERIFIED 237041 gp_balanced_mlp_seed43
VERIFIED 237041 gp_mlp_seed41
VERIFIED 237041 gp_mlp_seed42
VERIFIED 237041 gp_mlp_seed43
VERIFIED 237041 gp_s4_seed41
VERIFIED 237041 gp_s4_seed42
VERIFIED 237041 gp_s4_seed43
VERIFIED 237041 gp_whitened_mlp_seed41
VERIFIED 237041 gp_whitened_mlp_seed42
VERIFIED 237041 gp_whitened_mlp_seed43
VERIFIED 237041 gp_whitened_raw_mlp_seed41
VERIFIED 237041 gp_whitened_raw_mlp_seed42
VERIFIED 237041 gp_whitened_raw_mlp_seed43
VERIFIED 237041 mix050_mlp_seed41
VERIFIED 237041 mix050_mlp_seed42
VERIFIED 237041 mix050_mlp_seed43
VERIFIED 237041 mix050_s4_seed41
VERIFIED 237041 mix050_s4_seed42
VERIFIED 237041 mix050_s4_seed43
VERIFIED 237041 mix050_whitened_mlp_seed41
VERIFIED 237041 mix050_whitened_mlp_seed42
VERIFIED 237041 mix050_whitened_mlp_seed43
VERIFIED 237041 mix090_mlp_seed41
VERIFIED 237041 mix090_mlp_seed42
VERIFIED 237041 mix090_mlp_seed43
VERIFIED 237041 mix090_s4_seed41
VERIFIED 237041 mix090_s4_seed42
VERIFIED 237041 mix090_s4_seed43
VERIFIED 237041 mix090_whitened_mlp_seed41
VERIFIED 237041 mix090_whitened_mlp_seed42
VERIFIED 237041 mix090_whitened_mlp_seed43
VERIFIED 237041 mix099_mlp_seed41
VERIFIED 237041 mix099_mlp_seed42
VERIFIED 237041 mix099_mlp_seed43
VERIFIED 237041 mix099_s4_seed41
VERIFIED 237041 mix099_s4_seed42
VERIFIED 237041 mix099_s4_seed43
VERIFIED 237041 mix099_whitened_mlp_seed41
VERIFIED 237041 mix099_whitened_mlp_seed42
VERIFIED 237041 mix099_whitened_mlp_seed43
VERIFIED 237041 white_mlp_seed41
VERIFIED 237041 white_mlp_seed42
VERIFIED 237041 white_mlp_seed43
VERIFIED 237041 white_s4_seed41
VERIFIED 237041 white_s4_seed42
VERIFIED 237041 white_s4_seed43
VERIFIED 237041 white_whitened_mlp_seed41
VERIFIED 237041 white_whitened_mlp_seed42
VERIFIED 237041 white_whitened_mlp_seed43
{
  "complete": true,
  "expected_runs": 102,
  "verified_runs": 102,
  "manifest_fingerprint": "b8b0d5e495da264c58504770bf7a615a297336694e1cdbd15eb0bd8d6d25c6fe",
  "config_sha256": "ff4fb5e379033d62e0517ae11aace4638e75e686ed5aca8e8974af6efc6c3223",
  "required_device": "mps",
  "bounded_euler_replay": true,
  "scope": "Independent data/PCA/metric reconstruction; full CPU validation and test velocity replay; bounded CPU Euler replay. Training trajectories not independently rerun."
}
