START 137041 white_mlp_seed41 device mps params 65464
PROGRESS 137041 white_mlp_seed41 500 val 0.973992
PROGRESS 137041 white_mlp_seed41 1000 val 0.830349
PROGRESS 137041 white_mlp_seed41 1500 val 0.756999
PROGRESS 137041 white_mlp_seed41 2000 val 0.700039
PROGRESS 137041 white_mlp_seed41 2500 val 0.672796
PROGRESS 137041 white_mlp_seed41 3000 val 0.655599
PROGRESS 137041 white_mlp_seed41 3500 val 0.648143
PROGRESS 137041 white_mlp_seed41 4000 val 0.6254
PROGRESS 137041 white_mlp_seed41 4500 val 0.616789
PROGRESS 137041 white_mlp_seed41 5000 val 0.610904
PROGRESS 137041 white_mlp_seed41 5500 val 0.598809
PROGRESS 137041 white_mlp_seed41 6000 val 0.592127
DONE 137041 white_mlp_seed41 seconds 35.6 CRPS 0.532885
START 137041 white_mlp_seed42 device mps params 65464
PROGRESS 137041 white_mlp_seed42 500 val 0.950316
PROGRESS 137041 white_mlp_seed42 1000 val 0.819798
PROGRESS 137041 white_mlp_seed42 1500 val 0.736593
PROGRESS 137041 white_mlp_seed42 2000 val 0.697478
PROGRESS 137041 white_mlp_seed42 2500 val 0.688774
PROGRESS 137041 white_mlp_seed42 3000 val 0.650127
PROGRESS 137041 white_mlp_seed42 3500 val 0.641092
PROGRESS 137041 white_mlp_seed42 4000 val 0.618782
PROGRESS 137041 white_mlp_seed42 4500 val 0.617805
PROGRESS 137041 white_mlp_seed42 5000 val 0.602841
PROGRESS 137041 white_mlp_seed42 5500 val 0.593619
PROGRESS 137041 white_mlp_seed42 6000 val 0.585939
DONE 137041 white_mlp_seed42 seconds 35.5 CRPS 0.517081
START 137041 white_mlp_seed43 device mps params 65464
PROGRESS 137041 white_mlp_seed43 500 val 0.926626
PROGRESS 137041 white_mlp_seed43 1000 val 0.804353
PROGRESS 137041 white_mlp_seed43 1500 val 0.74401
PROGRESS 137041 white_mlp_seed43 2000 val 0.703501
PROGRESS 137041 white_mlp_seed43 2500 val 0.666163
PROGRESS 137041 white_mlp_seed43 3000 val 0.660408
PROGRESS 137041 white_mlp_seed43 3500 val 0.629119
PROGRESS 137041 white_mlp_seed43 4000 val 0.621756
PROGRESS 137041 white_mlp_seed43 4500 val 0.624632
PROGRESS 137041 white_mlp_seed43 5000 val 0.600072
PROGRESS 137041 white_mlp_seed43 5500 val 0.603079
PROGRESS 137041 white_mlp_seed43 6000 val 0.589226
DONE 137041 white_mlp_seed43 seconds 36.8 CRPS 0.505904
START 137041 mix050_mlp_seed41 device mps params 65464
PROGRESS 137041 mix050_mlp_seed41 500 val 1.577062
PROGRESS 137041 mix050_mlp_seed41 1000 val 1.307885
PROGRESS 137041 mix050_mlp_seed41 1500 val 1.246726
PROGRESS 137041 mix050_mlp_seed41 2000 val 1.180533
PROGRESS 137041 mix050_mlp_seed41 2500 val 1.209013
PROGRESS 137041 mix050_mlp_seed41 3000 val 1.069754
PROGRESS 137041 mix050_mlp_seed41 3500 val 1.033082
PROGRESS 137041 mix050_mlp_seed41 4000 val 1.016644
PROGRESS 137041 mix050_mlp_seed41 4500 val 1.011349
PROGRESS 137041 mix050_mlp_seed41 5000 val 0.999754
PROGRESS 137041 mix050_mlp_seed41 5500 val 0.977171
PROGRESS 137041 mix050_mlp_seed41 6000 val 0.969899
DONE 137041 mix050_mlp_seed41 seconds 37.1 CRPS 0.515481
START 137041 mix050_mlp_seed42 device mps params 65464
PROGRESS 137041 mix050_mlp_seed42 500 val 1.574727
PROGRESS 137041 mix050_mlp_seed42 1000 val 1.378027
PROGRESS 137041 mix050_mlp_seed42 1500 val 1.205972
PROGRESS 137041 mix050_mlp_seed42 2000 val 1.122274
PROGRESS 137041 mix050_mlp_seed42 2500 val 1.108034
PROGRESS 137041 mix050_mlp_seed42 3000 val 1.060625
PROGRESS 137041 mix050_mlp_seed42 3500 val 1.025605
PROGRESS 137041 mix050_mlp_seed42 4000 val 1.006849
PROGRESS 137041 mix050_mlp_seed42 4500 val 1.001097
PROGRESS 137041 mix050_mlp_seed42 5000 val 0.979352
PROGRESS 137041 mix050_mlp_seed42 5500 val 0.966349
PROGRESS 137041 mix050_mlp_seed42 6000 val 0.963179
DONE 137041 mix050_mlp_seed42 seconds 38.7 CRPS 0.50819
START 137041 mix050_mlp_seed43 device mps params 65464
PROGRESS 137041 mix050_mlp_seed43 500 val 1.548975
PROGRESS 137041 mix050_mlp_seed43 1000 val 1.355613
PROGRESS 137041 mix050_mlp_seed43 1500 val 1.200424
PROGRESS 137041 mix050_mlp_seed43 2000 val 1.129702
PROGRESS 137041 mix050_mlp_seed43 2500 val 1.088096
PROGRESS 137041 mix050_mlp_seed43 3000 val 1.094806
PROGRESS 137041 mix050_mlp_seed43 3500 val 1.026223
PROGRESS 137041 mix050_mlp_seed43 4000 val 0.997944
PROGRESS 137041 mix050_mlp_seed43 4500 val 0.99737
PROGRESS 137041 mix050_mlp_seed43 5000 val 0.968304
PROGRESS 137041 mix050_mlp_seed43 5500 val 0.968307
PROGRESS 137041 mix050_mlp_seed43 6000 val 0.954642
DONE 137041 mix050_mlp_seed43 seconds 39.1 CRPS 0.498474
START 137041 mix090_mlp_seed41 device mps params 65464
PROGRESS 137041 mix090_mlp_seed41 500 val 1.72858
PROGRESS 137041 mix090_mlp_seed41 1000 val 1.484377
PROGRESS 137041 mix090_mlp_seed41 1500 val 1.493935
PROGRESS 137041 mix090_mlp_seed41 2000 val 1.362862
PROGRESS 137041 mix090_mlp_seed41 2500 val 1.258199
PROGRESS 137041 mix090_mlp_seed41 3000 val 1.230053
PROGRESS 137041 mix090_mlp_seed41 3500 val 1.194037
PROGRESS 137041 mix090_mlp_seed41 4000 val 1.141714
PROGRESS 137041 mix090_mlp_seed41 4500 val 1.165608
PROGRESS 137041 mix090_mlp_seed41 5000 val 1.128939
PROGRESS 137041 mix090_mlp_seed41 5500 val 1.113679
PROGRESS 137041 mix090_mlp_seed41 6000 val 1.098787
DONE 137041 mix090_mlp_seed41 seconds 37.9 CRPS 0.520139
START 137041 mix090_mlp_seed42 device mps params 65464
PROGRESS 137041 mix090_mlp_seed42 500 val 1.749756
PROGRESS 137041 mix090_mlp_seed42 1000 val 1.51447
PROGRESS 137041 mix090_mlp_seed42 1500 val 1.390609
PROGRESS 137041 mix090_mlp_seed42 2000 val 1.322656
PROGRESS 137041 mix090_mlp_seed42 2500 val 1.233818
PROGRESS 137041 mix090_mlp_seed42 3000 val 1.203117
PROGRESS 137041 mix090_mlp_seed42 3500 val 1.179082
PROGRESS 137041 mix090_mlp_seed42 4000 val 1.136354
PROGRESS 137041 mix090_mlp_seed42 4500 val 1.138945
PROGRESS 137041 mix090_mlp_seed42 5000 val 1.107567
PROGRESS 137041 mix090_mlp_seed42 5500 val 1.101127
PROGRESS 137041 mix090_mlp_seed42 6000 val 1.090293
DONE 137041 mix090_mlp_seed42 seconds 38.3 CRPS 0.511146
START 137041 mix090_mlp_seed43 device mps params 65464
PROGRESS 137041 mix090_mlp_seed43 500 val 1.646473
PROGRESS 137041 mix090_mlp_seed43 1000 val 1.532823
PROGRESS 137041 mix090_mlp_seed43 1500 val 1.383296
PROGRESS 137041 mix090_mlp_seed43 2000 val 1.290734
PROGRESS 137041 mix090_mlp_seed43 2500 val 1.229611
PROGRESS 137041 mix090_mlp_seed43 3000 val 1.203363
PROGRESS 137041 mix090_mlp_seed43 3500 val 1.207333
PROGRESS 137041 mix090_mlp_seed43 4000 val 1.141107
PROGRESS 137041 mix090_mlp_seed43 4500 val 1.127384
PROGRESS 137041 mix090_mlp_seed43 5000 val 1.09129
PROGRESS 137041 mix090_mlp_seed43 5500 val 1.094522
PROGRESS 137041 mix090_mlp_seed43 6000 val 1.085297
DONE 137041 mix090_mlp_seed43 seconds 39.9 CRPS 0.500292
START 137041 mix099_mlp_seed41 device mps params 65464
PROGRESS 137041 mix099_mlp_seed41 500 val 1.670662
PROGRESS 137041 mix099_mlp_seed41 1000 val 1.443812
PROGRESS 137041 mix099_mlp_seed41 1500 val 1.382684
PROGRESS 137041 mix099_mlp_seed41 2000 val 1.326249
PROGRESS 137041 mix099_mlp_seed41 2500 val 1.270791
PROGRESS 137041 mix099_mlp_seed41 3000 val 1.215535
PROGRESS 137041 mix099_mlp_seed41 3500 val 1.224025
PROGRESS 137041 mix099_mlp_seed41 4000 val 1.127153
PROGRESS 137041 mix099_mlp_seed41 4500 val 1.185626
PROGRESS 137041 mix099_mlp_seed41 5000 val 1.106289
PROGRESS 137041 mix099_mlp_seed41 5500 val 1.096418
PROGRESS 137041 mix099_mlp_seed41 6000 val 1.082489
DONE 137041 mix099_mlp_seed41 seconds 41.6 CRPS 0.524381
START 137041 mix099_mlp_seed42 device mps params 65464
PROGRESS 137041 mix099_mlp_seed42 500 val 1.72495
PROGRESS 137041 mix099_mlp_seed42 1000 val 1.544834
PROGRESS 137041 mix099_mlp_seed42 1500 val 1.362189
PROGRESS 137041 mix099_mlp_seed42 2000 val 1.304889
PROGRESS 137041 mix099_mlp_seed42 2500 val 1.201526
PROGRESS 137041 mix099_mlp_seed42 3000 val 1.184547
PROGRESS 137041 mix099_mlp_seed42 3500 val 1.162535
PROGRESS 137041 mix099_mlp_seed42 4000 val 1.190363
PROGRESS 137041 mix099_mlp_seed42 4500 val 1.134092
PROGRESS 137041 mix099_mlp_seed42 5000 val 1.101476
PROGRESS 137041 mix099_mlp_seed42 5500 val 1.086762
PROGRESS 137041 mix099_mlp_seed42 6000 val 1.07161
DONE 137041 mix099_mlp_seed42 seconds 40.7 CRPS 0.515869
START 137041 mix099_mlp_seed43 device mps params 65464
PROGRESS 137041 mix099_mlp_seed43 500 val 1.615943
PROGRESS 137041 mix099_mlp_seed43 1000 val 1.539842
PROGRESS 137041 mix099_mlp_seed43 1500 val 1.37577
PROGRESS 137041 mix099_mlp_seed43 2000 val 1.261486
PROGRESS 137041 mix099_mlp_seed43 2500 val 1.230793
PROGRESS 137041 mix099_mlp_seed43 3000 val 1.170395
PROGRESS 137041 mix099_mlp_seed43 3500 val 1.138909
PROGRESS 137041 mix099_mlp_seed43 4000 val 1.118081
PROGRESS 137041 mix099_mlp_seed43 4500 val 1.122789
PROGRESS 137041 mix099_mlp_seed43 5000 val 1.074559
PROGRESS 137041 mix099_mlp_seed43 5500 val 1.075467
PROGRESS 137041 mix099_mlp_seed43 6000 val 1.063118
DONE 137041 mix099_mlp_seed43 seconds 42.7 CRPS 0.506045
START 137041 gp_mlp_seed41 device mps params 65464
PROGRESS 137041 gp_mlp_seed41 500 val 1.703809
PROGRESS 137041 gp_mlp_seed41 1000 val 1.460137
PROGRESS 137041 gp_mlp_seed41 1500 val 1.360385
PROGRESS 137041 gp_mlp_seed41 2000 val 1.323118
PROGRESS 137041 gp_mlp_seed41 2500 val 1.237057
PROGRESS 137041 gp_mlp_seed41 3000 val 1.167102
PROGRESS 137041 gp_mlp_seed41 3500 val 1.165539
PROGRESS 137041 gp_mlp_seed41 4000 val 1.116966
PROGRESS 137041 gp_mlp_seed41 4500 val 1.144292
PROGRESS 137041 gp_mlp_seed41 5000 val 1.103823
PROGRESS 137041 gp_mlp_seed41 5500 val 1.074413
PROGRESS 137041 gp_mlp_seed41 6000 val 1.06412
DONE 137041 gp_mlp_seed41 seconds 39.0 CRPS 0.527978
START 137041 gp_mlp_seed42 device mps params 65464
PROGRESS 137041 gp_mlp_seed42 500 val 1.697481
PROGRESS 137041 gp_mlp_seed42 1000 val 1.451722
PROGRESS 137041 gp_mlp_seed42 1500 val 1.343874
PROGRESS 137041 gp_mlp_seed42 2000 val 1.264514
PROGRESS 137041 gp_mlp_seed42 2500 val 1.209142
PROGRESS 137041 gp_mlp_seed42 3000 val 1.169975
PROGRESS 137041 gp_mlp_seed42 3500 val 1.178243
PROGRESS 137041 gp_mlp_seed42 4000 val 1.110411
PROGRESS 137041 gp_mlp_seed42 4500 val 1.116727
PROGRESS 137041 gp_mlp_seed42 5000 val 1.078199
PROGRESS 137041 gp_mlp_seed42 5500 val 1.065568
PROGRESS 137041 gp_mlp_seed42 6000 val 1.060719
DONE 137041 gp_mlp_seed42 seconds 41.5 CRPS 0.510257
START 137041 gp_mlp_seed43 device mps params 65464
PROGRESS 137041 gp_mlp_seed43 500 val 1.638144
PROGRESS 137041 gp_mlp_seed43 1000 val 1.548692
PROGRESS 137041 gp_mlp_seed43 1500 val 1.354785
PROGRESS 137041 gp_mlp_seed43 2000 val 1.253227
PROGRESS 137041 gp_mlp_seed43 2500 val 1.185485
PROGRESS 137041 gp_mlp_seed43 3000 val 1.13905
PROGRESS 137041 gp_mlp_seed43 3500 val 1.13761
PROGRESS 137041 gp_mlp_seed43 4000 val 1.11578
PROGRESS 137041 gp_mlp_seed43 4500 val 1.113242
PROGRESS 137041 gp_mlp_seed43 5000 val 1.062247
PROGRESS 137041 gp_mlp_seed43 5500 val 1.047428
PROGRESS 137041 gp_mlp_seed43 6000 val 1.04319
DONE 137041 gp_mlp_seed43 seconds 43.4 CRPS 0.50742
START 237041 white_mlp_seed41 device mps params 65464
PROGRESS 237041 white_mlp_seed41 500 val 1.072571
PROGRESS 237041 white_mlp_seed41 1000 val 0.875202
PROGRESS 237041 white_mlp_seed41 1500 val 0.783541
PROGRESS 237041 white_mlp_seed41 2000 val 0.713614
PROGRESS 237041 white_mlp_seed41 2500 val 0.660081
PROGRESS 237041 white_mlp_seed41 3000 val 0.63383
PROGRESS 237041 white_mlp_seed41 3500 val 0.6265
PROGRESS 237041 white_mlp_seed41 4000 val 0.601436
PROGRESS 237041 white_mlp_seed41 4500 val 0.582042
PROGRESS 237041 white_mlp_seed41 5000 val 0.575932
PROGRESS 237041 white_mlp_seed41 5500 val 0.568622
PROGRESS 237041 white_mlp_seed41 6000 val 0.581978
DONE 237041 white_mlp_seed41 seconds 42.0 CRPS 0.490144
START 237041 white_mlp_seed42 device mps params 65464
PROGRESS 237041 white_mlp_seed42 500 val 1.060313
PROGRESS 237041 white_mlp_seed42 1000 val 0.929575
PROGRESS 237041 white_mlp_seed42 1500 val 0.787855
PROGRESS 237041 white_mlp_seed42 2000 val 0.737293
PROGRESS 237041 white_mlp_seed42 2500 val 0.686379
PROGRESS 237041 white_mlp_seed42 3000 val 0.642443
PROGRESS 237041 white_mlp_seed42 3500 val 0.642292
PROGRESS 237041 white_mlp_seed42 4000 val 0.603627
PROGRESS 237041 white_mlp_seed42 4500 val 0.603787
PROGRESS 237041 white_mlp_seed42 5000 val 0.5918
PROGRESS 237041 white_mlp_seed42 5500 val 0.577796
PROGRESS 237041 white_mlp_seed42 6000 val 0.57392
DONE 237041 white_mlp_seed42 seconds 40.6 CRPS 0.49571
START 237041 white_mlp_seed43 device mps params 65464
PROGRESS 237041 white_mlp_seed43 500 val 1.024578
PROGRESS 237041 white_mlp_seed43 1000 val 0.857088
PROGRESS 237041 white_mlp_seed43 1500 val 0.778069
PROGRESS 237041 white_mlp_seed43 2000 val 0.718331
PROGRESS 237041 white_mlp_seed43 2500 val 0.679526
PROGRESS 237041 white_mlp_seed43 3000 val 0.667619
PROGRESS 237041 white_mlp_seed43 3500 val 0.626405
PROGRESS 237041 white_mlp_seed43 4000 val 0.612818
PROGRESS 237041 white_mlp_seed43 4500 val 0.58839
PROGRESS 237041 white_mlp_seed43 5000 val 0.57844
PROGRESS 237041 white_mlp_seed43 5500 val 0.571455
PROGRESS 237041 white_mlp_seed43 6000 val 0.567844
DONE 237041 white_mlp_seed43 seconds 40.5 CRPS 0.484673
START 237041 mix050_mlp_seed41 device mps params 65464
PROGRESS 237041 mix050_mlp_seed41 500 val 1.689748
PROGRESS 237041 mix050_mlp_seed41 1000 val 1.444333
PROGRESS 237041 mix050_mlp_seed41 1500 val 1.276484
PROGRESS 237041 mix050_mlp_seed41 2000 val 1.18865
PROGRESS 237041 mix050_mlp_seed41 2500 val 1.112386
PROGRESS 237041 mix050_mlp_seed41 3000 val 1.115757
PROGRESS 237041 mix050_mlp_seed41 3500 val 1.042099
PROGRESS 237041 mix050_mlp_seed41 4000 val 1.026836
PROGRESS 237041 mix050_mlp_seed41 4500 val 0.98987
PROGRESS 237041 mix050_mlp_seed41 5000 val 0.984367
PROGRESS 237041 mix050_mlp_seed41 5500 val 0.966711
PROGRESS 237041 mix050_mlp_seed41 6000 val 0.977252
DONE 237041 mix050_mlp_seed41 seconds 42.3 CRPS 0.479308
START 237041 mix050_mlp_seed42 device mps params 65464
PROGRESS 237041 mix050_mlp_seed42 500 val 1.699565
PROGRESS 237041 mix050_mlp_seed42 1000 val 1.42353
PROGRESS 237041 mix050_mlp_seed42 1500 val 1.258017
PROGRESS 237041 mix050_mlp_seed42 2000 val 1.165256
PROGRESS 237041 mix050_mlp_seed42 2500 val 1.115553
PROGRESS 237041 mix050_mlp_seed42 3000 val 1.053061
PROGRESS 237041 mix050_mlp_seed42 3500 val 1.054585
PROGRESS 237041 mix050_mlp_seed42 4000 val 1.004512
PROGRESS 237041 mix050_mlp_seed42 4500 val 1.008033
PROGRESS 237041 mix050_mlp_seed42 5000 val 0.981744
PROGRESS 237041 mix050_mlp_seed42 5500 val 0.977669
PROGRESS 237041 mix050_mlp_seed42 6000 val 0.965166
DONE 237041 mix050_mlp_seed42 seconds 41.4 CRPS 0.484966
START 237041 mix050_mlp_seed43 device mps params 65464
PROGRESS 237041 mix050_mlp_seed43 500 val 1.678848
PROGRESS 237041 mix050_mlp_seed43 1000 val 1.372969
PROGRESS 237041 mix050_mlp_seed43 1500 val 1.237124
PROGRESS 237041 mix050_mlp_seed43 2000 val 1.199385
PROGRESS 237041 mix050_mlp_seed43 2500 val 1.103683
PROGRESS 237041 mix050_mlp_seed43 3000 val 1.07663
PROGRESS 237041 mix050_mlp_seed43 3500 val 1.10957
PROGRESS 237041 mix050_mlp_seed43 4000 val 0.991209
PROGRESS 237041 mix050_mlp_seed43 4500 val 0.986169
PROGRESS 237041 mix050_mlp_seed43 5000 val 0.966792
PROGRESS 237041 mix050_mlp_seed43 5500 val 0.948556
PROGRESS 237041 mix050_mlp_seed43 6000 val 0.941678
DONE 237041 mix050_mlp_seed43 seconds 42.1 CRPS 0.465365
START 237041 mix090_mlp_seed41 device mps params 65464
PROGRESS 237041 mix090_mlp_seed41 500 val 1.891836
PROGRESS 237041 mix090_mlp_seed41 1000 val 1.672073
PROGRESS 237041 mix090_mlp_seed41 1500 val 1.533512
PROGRESS 237041 mix090_mlp_seed41 2000 val 1.391273
PROGRESS 237041 mix090_mlp_seed41 2500 val 1.314973
PROGRESS 237041 mix090_mlp_seed41 3000 val 1.284618
PROGRESS 237041 mix090_mlp_seed41 3500 val 1.226954
PROGRESS 237041 mix090_mlp_seed41 4000 val 1.208677
PROGRESS 237041 mix090_mlp_seed41 4500 val 1.144367
PROGRESS 237041 mix090_mlp_seed41 5000 val 1.149865
PROGRESS 237041 mix090_mlp_seed41 5500 val 1.119758
PROGRESS 237041 mix090_mlp_seed41 6000 val 1.130767
DONE 237041 mix090_mlp_seed41 seconds 41.2 CRPS 0.486723
START 237041 mix090_mlp_seed42 device mps params 65464
PROGRESS 237041 mix090_mlp_seed42 500 val 1.962753
PROGRESS 237041 mix090_mlp_seed42 1000 val 1.69584
PROGRESS 237041 mix090_mlp_seed42 1500 val 1.481429
PROGRESS 237041 mix090_mlp_seed42 2000 val 1.365273
PROGRESS 237041 mix090_mlp_seed42 2500 val 1.314539
PROGRESS 237041 mix090_mlp_seed42 3000 val 1.247262
PROGRESS 237041 mix090_mlp_seed42 3500 val 1.203195
PROGRESS 237041 mix090_mlp_seed42 4000 val 1.159343
PROGRESS 237041 mix090_mlp_seed42 4500 val 1.143674
PROGRESS 237041 mix090_mlp_seed42 5000 val 1.128739
PROGRESS 237041 mix090_mlp_seed42 5500 val 1.136911
PROGRESS 237041 mix090_mlp_seed42 6000 val 1.112719
DONE 237041 mix090_mlp_seed42 seconds 41.1 CRPS 0.483957
START 237041 mix090_mlp_seed43 device mps params 65464
PROGRESS 237041 mix090_mlp_seed43 500 val 2.116476
PROGRESS 237041 mix090_mlp_seed43 1000 val 1.55713
PROGRESS 237041 mix090_mlp_seed43 1500 val 1.43142
PROGRESS 237041 mix090_mlp_seed43 2000 val 1.358821
PROGRESS 237041 mix090_mlp_seed43 2500 val 1.287444
PROGRESS 237041 mix090_mlp_seed43 3000 val 1.215703
PROGRESS 237041 mix090_mlp_seed43 3500 val 1.236828
PROGRESS 237041 mix090_mlp_seed43 4000 val 1.156419
PROGRESS 237041 mix090_mlp_seed43 4500 val 1.137351
PROGRESS 237041 mix090_mlp_seed43 5000 val 1.105256
PROGRESS 237041 mix090_mlp_seed43 5500 val 1.083491
PROGRESS 237041 mix090_mlp_seed43 6000 val 1.084239
DONE 237041 mix090_mlp_seed43 seconds 40.7 CRPS 0.472238
START 237041 mix099_mlp_seed41 device mps params 65464
PROGRESS 237041 mix099_mlp_seed41 500 val 1.82907
PROGRESS 237041 mix099_mlp_seed41 1000 val 1.610319
PROGRESS 237041 mix099_mlp_seed41 1500 val 1.446775
PROGRESS 237041 mix099_mlp_seed41 2000 val 1.365903
PROGRESS 237041 mix099_mlp_seed41 2500 val 1.274215
PROGRESS 237041 mix099_mlp_seed41 3000 val 1.232318
PROGRESS 237041 mix099_mlp_seed41 3500 val 1.212452
PROGRESS 237041 mix099_mlp_seed41 4000 val 1.197351
PROGRESS 237041 mix099_mlp_seed41 4500 val 1.145846
PROGRESS 237041 mix099_mlp_seed41 5000 val 1.148048
PROGRESS 237041 mix099_mlp_seed41 5500 val 1.107336
PROGRESS 237041 mix099_mlp_seed41 6000 val 1.114316
DONE 237041 mix099_mlp_seed41 seconds 42.5 CRPS 0.493908
START 237041 mix099_mlp_seed42 device mps params 65464
PROGRESS 237041 mix099_mlp_seed42 500 val 1.888476
PROGRESS 237041 mix099_mlp_seed42 1000 val 1.645918
PROGRESS 237041 mix099_mlp_seed42 1500 val 1.410861
PROGRESS 237041 mix099_mlp_seed42 2000 val 1.352366
PROGRESS 237041 mix099_mlp_seed42 2500 val 1.286173
PROGRESS 237041 mix099_mlp_seed42 3000 val 1.232957
PROGRESS 237041 mix099_mlp_seed42 3500 val 1.225212
PROGRESS 237041 mix099_mlp_seed42 4000 val 1.144696
PROGRESS 237041 mix099_mlp_seed42 4500 val 1.129084
PROGRESS 237041 mix099_mlp_seed42 5000 val 1.111973
PROGRESS 237041 mix099_mlp_seed42 5500 val 1.117455
PROGRESS 237041 mix099_mlp_seed42 6000 val 1.097561
DONE 237041 mix099_mlp_seed42 seconds 41.4 CRPS 0.492457
START 237041 mix099_mlp_seed43 device mps params 65464
PROGRESS 237041 mix099_mlp_seed43 500 val 2.189056
PROGRESS 237041 mix099_mlp_seed43 1000 val 1.527255
PROGRESS 237041 mix099_mlp_seed43 1500 val 1.416625
PROGRESS 237041 mix099_mlp_seed43 2000 val 1.351584
PROGRESS 237041 mix099_mlp_seed43 2500 val 1.264336
PROGRESS 237041 mix099_mlp_seed43 3000 val 1.202197
PROGRESS 237041 mix099_mlp_seed43 3500 val 1.165616
PROGRESS 237041 mix099_mlp_seed43 4000 val 1.140545
PROGRESS 237041 mix099_mlp_seed43 4500 val 1.127857
PROGRESS 237041 mix099_mlp_seed43 5000 val 1.106411
PROGRESS 237041 mix099_mlp_seed43 5500 val 1.088723
PROGRESS 237041 mix099_mlp_seed43 6000 val 1.084453
DONE 237041 mix099_mlp_seed43 seconds 41.5 CRPS 0.476529
START 237041 gp_mlp_seed41 device mps params 65464
PROGRESS 237041 gp_mlp_seed41 500 val 1.862113
PROGRESS 237041 gp_mlp_seed41 1000 val 1.611175
PROGRESS 237041 gp_mlp_seed41 1500 val 1.457356
PROGRESS 237041 gp_mlp_seed41 2000 val 1.370803
PROGRESS 237041 gp_mlp_seed41 2500 val 1.31456
PROGRESS 237041 gp_mlp_seed41 3000 val 1.222472
PROGRESS 237041 gp_mlp_seed41 3500 val 1.20298
PROGRESS 237041 gp_mlp_seed41 4000 val 1.177719
PROGRESS 237041 gp_mlp_seed41 4500 val 1.16663
PROGRESS 237041 gp_mlp_seed41 5000 val 1.152065
PROGRESS 237041 gp_mlp_seed41 5500 val 1.124472
PROGRESS 237041 gp_mlp_seed41 6000 val 1.11376
DONE 237041 gp_mlp_seed41 seconds 40.4 CRPS 0.487411
START 237041 gp_mlp_seed42 device mps params 65464
PROGRESS 237041 gp_mlp_seed42 500 val 1.856972
PROGRESS 237041 gp_mlp_seed42 1000 val 1.765287
PROGRESS 237041 gp_mlp_seed42 1500 val 1.445819
PROGRESS 237041 gp_mlp_seed42 2000 val 1.335476
PROGRESS 237041 gp_mlp_seed42 2500 val 1.306215
PROGRESS 237041 gp_mlp_seed42 3000 val 1.230532
PROGRESS 237041 gp_mlp_seed42 3500 val 1.233919
PROGRESS 237041 gp_mlp_seed42 4000 val 1.157074
PROGRESS 237041 gp_mlp_seed42 4500 val 1.13775
PROGRESS 237041 gp_mlp_seed42 5000 val 1.12076
PROGRESS 237041 gp_mlp_seed42 5500 val 1.126443
PROGRESS 237041 gp_mlp_seed42 6000 val 1.098539
DONE 237041 gp_mlp_seed42 seconds 41.9 CRPS 0.495007
START 237041 gp_mlp_seed43 device mps params 65464
PROGRESS 237041 gp_mlp_seed43 500 val 2.202137
PROGRESS 237041 gp_mlp_seed43 1000 val 1.512826
PROGRESS 237041 gp_mlp_seed43 1500 val 1.469026
PROGRESS 237041 gp_mlp_seed43 2000 val 1.371325
PROGRESS 237041 gp_mlp_seed43 2500 val 1.25012
PROGRESS 237041 gp_mlp_seed43 3000 val 1.215172
PROGRESS 237041 gp_mlp_seed43 3500 val 1.237468
PROGRESS 237041 gp_mlp_seed43 4000 val 1.155511
PROGRESS 237041 gp_mlp_seed43 4500 val 1.123545
PROGRESS 237041 gp_mlp_seed43 5000 val 1.097613
PROGRESS 237041 gp_mlp_seed43 5500 val 1.078985
PROGRESS 237041 gp_mlp_seed43 6000 val 1.08265
DONE 237041 gp_mlp_seed43 seconds 40.7 CRPS 0.480902
