SKIP 237041 white_s4_seed42
SKIP 237041 mix050_s4_seed42
SKIP 237041 mix090_s4_seed42
START 237041 mix099_s4_seed42 device mps params 65281
PROGRESS 237041 mix099_s4_seed42 500 val 1.883169
PROGRESS 237041 mix099_s4_seed42 1000 val 1.709073
PROGRESS 237041 mix099_s4_seed42 1500 val 1.480561
PROGRESS 237041 mix099_s4_seed42 2000 val 1.413459
PROGRESS 237041 mix099_s4_seed42 2500 val 1.323873
PROGRESS 237041 mix099_s4_seed42 3000 val 1.230151
PROGRESS 237041 mix099_s4_seed42 3500 val 1.284334
PROGRESS 237041 mix099_s4_seed42 4000 val 1.164734
PROGRESS 237041 mix099_s4_seed42 4500 val 1.176159
PROGRESS 237041 mix099_s4_seed42 5000 val 1.145193
PROGRESS 237041 mix099_s4_seed42 5500 val 1.129424
PROGRESS 237041 mix099_s4_seed42 6000 val 1.116838
DONE 237041 mix099_s4_seed42 seconds 92.5 CRPS 0.477772
START 237041 gp_s4_seed42 device mps params 65281
PROGRESS 237041 gp_s4_seed42 500 val 1.908702
PROGRESS 237041 gp_s4_seed42 1000 val 1.670691
PROGRESS 237041 gp_s4_seed42 1500 val 1.460591
PROGRESS 237041 gp_s4_seed42 2000 val 1.322127
PROGRESS 237041 gp_s4_seed42 2500 val 1.295341
PROGRESS 237041 gp_s4_seed42 3000 val 1.288526
PROGRESS 237041 gp_s4_seed42 3500 val 1.292246
PROGRESS 237041 gp_s4_seed42 4000 val 1.16824
PROGRESS 237041 gp_s4_seed42 4500 val 1.159094
PROGRESS 237041 gp_s4_seed42 5000 val 1.146581
PROGRESS 237041 gp_s4_seed42 5500 val 1.139579
PROGRESS 237041 gp_s4_seed42 6000 val 1.127304
DONE 237041 gp_s4_seed42 seconds 79.2 CRPS 0.473194
