SKIP 237041 white_s4_seed43
SKIP 237041 mix050_s4_seed43
SKIP 237041 mix090_s4_seed43
START 237041 mix099_s4_seed43 device mps params 65281
PROGRESS 237041 mix099_s4_seed43 500 val 2.198124
PROGRESS 237041 mix099_s4_seed43 1000 val 1.593478
PROGRESS 237041 mix099_s4_seed43 1500 val 1.510966
PROGRESS 237041 mix099_s4_seed43 2000 val 1.383739
PROGRESS 237041 mix099_s4_seed43 2500 val 1.290264
PROGRESS 237041 mix099_s4_seed43 3000 val 1.248583
PROGRESS 237041 mix099_s4_seed43 3500 val 1.234677
PROGRESS 237041 mix099_s4_seed43 4000 val 1.202811
PROGRESS 237041 mix099_s4_seed43 4500 val 1.167255
PROGRESS 237041 mix099_s4_seed43 5000 val 1.14823
PROGRESS 237041 mix099_s4_seed43 5500 val 1.130092
PROGRESS 237041 mix099_s4_seed43 6000 val 1.132041
DONE 237041 mix099_s4_seed43 seconds 93.3 CRPS 0.47569
START 237041 gp_s4_seed43 device mps params 65281
PROGRESS 237041 gp_s4_seed43 500 val 2.27562
PROGRESS 237041 gp_s4_seed43 1000 val 1.5674
PROGRESS 237041 gp_s4_seed43 1500 val 1.468751
PROGRESS 237041 gp_s4_seed43 2000 val 1.360088
PROGRESS 237041 gp_s4_seed43 2500 val 1.314864
PROGRESS 237041 gp_s4_seed43 3000 val 1.238391
PROGRESS 237041 gp_s4_seed43 3500 val 1.318488
PROGRESS 237041 gp_s4_seed43 4000 val 1.172365
PROGRESS 237041 gp_s4_seed43 4500 val 1.169834
PROGRESS 237041 gp_s4_seed43 5000 val 1.148231
PROGRESS 237041 gp_s4_seed43 5500 val 1.13141
PROGRESS 237041 gp_s4_seed43 6000 val 1.132866
DONE 237041 gp_s4_seed43 seconds 79.1 CRPS 0.468911
