SKIP 137041 white_s4_seed41
SKIP 137041 white_s4_seed42
SKIP 137041 white_s4_seed43
SKIP 137041 mix050_s4_seed41
SKIP 137041 mix050_s4_seed42
START 137041 mix050_s4_seed43 device mps params 65281
PROGRESS 137041 mix050_s4_seed43 500 val 1.569908
PROGRESS 137041 mix050_s4_seed43 1000 val 1.334285
PROGRESS 137041 mix050_s4_seed43 1500 val 1.227156
PROGRESS 137041 mix050_s4_seed43 2000 val 1.149528
PROGRESS 137041 mix050_s4_seed43 2500 val 1.102808
PROGRESS 137041 mix050_s4_seed43 3000 val 1.188385
PROGRESS 137041 mix050_s4_seed43 3500 val 1.033159
PROGRESS 137041 mix050_s4_seed43 4000 val 1.027353
PROGRESS 137041 mix050_s4_seed43 4500 val 1.028208
PROGRESS 137041 mix050_s4_seed43 5000 val 0.978757
PROGRESS 137041 mix050_s4_seed43 5500 val 0.985652
PROGRESS 137041 mix050_s4_seed43 6000 val 0.967874
DONE 137041 mix050_s4_seed43 seconds 111.1 CRPS 0.499688
START 137041 mix090_s4_seed41 device mps params 65281
PROGRESS 137041 mix090_s4_seed41 500 val 1.845132
PROGRESS 137041 mix090_s4_seed41 1000 val 1.565922
PROGRESS 137041 mix090_s4_seed41 1500 val 1.38109
PROGRESS 137041 mix090_s4_seed41 2000 val 1.308477
PROGRESS 137041 mix090_s4_seed41 2500 val 1.230706
PROGRESS 137041 mix090_s4_seed41 3000 val 1.270548
PROGRESS 137041 mix090_s4_seed41 3500 val 1.198101
PROGRESS 137041 mix090_s4_seed41 4000 val 1.153195
PROGRESS 137041 mix090_s4_seed41 4500 val 1.161895
PROGRESS 137041 mix090_s4_seed41 5000 val 1.127106
PROGRESS 137041 mix090_s4_seed41 5500 val 1.102563
PROGRESS 137041 mix090_s4_seed41 6000 val 1.088747
DONE 137041 mix090_s4_seed41 seconds 106.2 CRPS 0.513241
START 137041 mix090_s4_seed42 device mps params 65281
PROGRESS 137041 mix090_s4_seed42 500 val 1.783216
PROGRESS 137041 mix090_s4_seed42 1000 val 1.652802
PROGRESS 137041 mix090_s4_seed42 1500 val 1.416363
PROGRESS 137041 mix090_s4_seed42 2000 val 1.356824
PROGRESS 137041 mix090_s4_seed42 2500 val 1.241041
PROGRESS 137041 mix090_s4_seed42 3000 val 1.216493
PROGRESS 137041 mix090_s4_seed42 3500 val 1.172345
PROGRESS 137041 mix090_s4_seed42 4000 val 1.15533
PROGRESS 137041 mix090_s4_seed42 4500 val 1.13004
PROGRESS 137041 mix090_s4_seed42 5000 val 1.136303
PROGRESS 137041 mix090_s4_seed42 5500 val 1.101171
PROGRESS 137041 mix090_s4_seed42 6000 val 1.100204
DONE 137041 mix090_s4_seed42 seconds 110.1 CRPS 0.503649
START 137041 mix090_s4_seed43 device mps params 65281
PROGRESS 137041 mix090_s4_seed43 500 val 1.732056
PROGRESS 137041 mix090_s4_seed43 1000 val 1.549272
PROGRESS 137041 mix090_s4_seed43 1500 val 1.378786
PROGRESS 137041 mix090_s4_seed43 2000 val 1.367465
PROGRESS 137041 mix090_s4_seed43 2500 val 1.298099
PROGRESS 137041 mix090_s4_seed43 3000 val 1.359966
PROGRESS 137041 mix090_s4_seed43 3500 val 1.192234
PROGRESS 137041 mix090_s4_seed43 4000 val 1.173562
PROGRESS 137041 mix090_s4_seed43 4500 val 1.175837
PROGRESS 137041 mix090_s4_seed43 5000 val 1.116805
PROGRESS 137041 mix090_s4_seed43 5500 val 1.118434
PROGRESS 137041 mix090_s4_seed43 6000 val 1.105553
DONE 137041 mix090_s4_seed43 seconds 106.6 CRPS 0.49593
START 137041 mix099_s4_seed41 device mps params 65281
PROGRESS 137041 mix099_s4_seed41 500 val 1.728416
PROGRESS 137041 mix099_s4_seed41 1000 val 1.515466
PROGRESS 137041 mix099_s4_seed41 1500 val 1.426568
PROGRESS 137041 mix099_s4_seed41 2000 val 1.33315
PROGRESS 137041 mix099_s4_seed41 2500 val 1.295249
PROGRESS 137041 mix099_s4_seed41 3000 val 1.23601
PROGRESS 137041 mix099_s4_seed41 3500 val 1.21666
PROGRESS 137041 mix099_s4_seed41 4000 val 1.158262
PROGRESS 137041 mix099_s4_seed41 4500 val 1.160769
PROGRESS 137041 mix099_s4_seed41 5000 val 1.128833
PROGRESS 137041 mix099_s4_seed41 5500 val 1.10538
PROGRESS 137041 mix099_s4_seed41 6000 val 1.096619
DONE 137041 mix099_s4_seed41 seconds 109.7 CRPS 0.513021
START 137041 mix099_s4_seed42 device mps params 65281
PROGRESS 137041 mix099_s4_seed42 500 val 1.712029
PROGRESS 137041 mix099_s4_seed42 1000 val 1.617548
PROGRESS 137041 mix099_s4_seed42 1500 val 1.387638
PROGRESS 137041 mix099_s4_seed42 2000 val 1.271163
PROGRESS 137041 mix099_s4_seed42 2500 val 1.257227
PROGRESS 137041 mix099_s4_seed42 3000 val 1.209814
PROGRESS 137041 mix099_s4_seed42 3500 val 1.172379
PROGRESS 137041 mix099_s4_seed42 4000 val 1.163157
PROGRESS 137041 mix099_s4_seed42 4500 val 1.134982
PROGRESS 137041 mix099_s4_seed42 5000 val 1.12342
PROGRESS 137041 mix099_s4_seed42 5500 val 1.101037
PROGRESS 137041 mix099_s4_seed42 6000 val 1.088087
DONE 137041 mix099_s4_seed42 seconds 107.0 CRPS 0.509925
START 137041 mix099_s4_seed43 device mps params 65281
PROGRESS 137041 mix099_s4_seed43 500 val 1.727863
PROGRESS 137041 mix099_s4_seed43 1000 val 1.517404
PROGRESS 137041 mix099_s4_seed43 1500 val 1.52365
PROGRESS 137041 mix099_s4_seed43 2000 val 1.42536
PROGRESS 137041 mix099_s4_seed43 2500 val 1.286492
PROGRESS 137041 mix099_s4_seed43 3000 val 1.315575
PROGRESS 137041 mix099_s4_seed43 3500 val 1.223374
PROGRESS 137041 mix099_s4_seed43 4000 val 1.196885
PROGRESS 137041 mix099_s4_seed43 4500 val 1.19646
PROGRESS 137041 mix099_s4_seed43 5000 val 1.130745
PROGRESS 137041 mix099_s4_seed43 5500 val 1.128107
PROGRESS 137041 mix099_s4_seed43 6000 val 1.115118
DONE 137041 mix099_s4_seed43 seconds 104.3 CRPS 0.495472
START 137041 gp_s4_seed41 device mps params 65281
PROGRESS 137041 gp_s4_seed41 500 val 1.754536
PROGRESS 137041 gp_s4_seed41 1000 val 1.503515
PROGRESS 137041 gp_s4_seed41 1500 val 1.383617
PROGRESS 137041 gp_s4_seed41 2000 val 1.324433
PROGRESS 137041 gp_s4_seed41 2500 val 1.244999
PROGRESS 137041 gp_s4_seed41 3000 val 1.196935
PROGRESS 137041 gp_s4_seed41 3500 val 1.194357
PROGRESS 137041 gp_s4_seed41 4000 val 1.158175
PROGRESS 137041 gp_s4_seed41 4500 val 1.128631
PROGRESS 137041 gp_s4_seed41 5000 val 1.137214
PROGRESS 137041 gp_s4_seed41 5500 val 1.091304
PROGRESS 137041 gp_s4_seed41 6000 val 1.085523
DONE 137041 gp_s4_seed41 seconds 112.4 CRPS 0.510543
START 137041 gp_s4_seed42 device mps params 65281
PROGRESS 137041 gp_s4_seed42 500 val 1.693546
PROGRESS 137041 gp_s4_seed42 1000 val 1.539666
PROGRESS 137041 gp_s4_seed42 1500 val 1.396746
PROGRESS 137041 gp_s4_seed42 2000 val 1.265727
PROGRESS 137041 gp_s4_seed42 2500 val 1.21388
PROGRESS 137041 gp_s4_seed42 3000 val 1.181098
PROGRESS 137041 gp_s4_seed42 3500 val 1.167997
PROGRESS 137041 gp_s4_seed42 4000 val 1.13072
PROGRESS 137041 gp_s4_seed42 4500 val 1.135193
PROGRESS 137041 gp_s4_seed42 5000 val 1.118138
PROGRESS 137041 gp_s4_seed42 5500 val 1.090037
PROGRESS 137041 gp_s4_seed42 6000 val 1.084616
DONE 137041 gp_s4_seed42 seconds 105.7 CRPS 0.504361
START 137041 gp_s4_seed43 device mps params 65281
PROGRESS 137041 gp_s4_seed43 500 val 1.705883
PROGRESS 137041 gp_s4_seed43 1000 val 1.500368
PROGRESS 137041 gp_s4_seed43 1500 val 1.410056
PROGRESS 137041 gp_s4_seed43 2000 val 1.294007
PROGRESS 137041 gp_s4_seed43 2500 val 1.266911
PROGRESS 137041 gp_s4_seed43 3000 val 1.198987
PROGRESS 137041 gp_s4_seed43 3500 val 1.199818
PROGRESS 137041 gp_s4_seed43 4000 val 1.210974
PROGRESS 137041 gp_s4_seed43 4500 val 1.186388
PROGRESS 137041 gp_s4_seed43 5000 val 1.134762
PROGRESS 137041 gp_s4_seed43 5500 val 1.125058
PROGRESS 137041 gp_s4_seed43 6000 val 1.119006
DONE 137041 gp_s4_seed43 seconds 94.6 CRPS 0.496365
