history_dense_ae C 1 forward 5.960464477539063e-08 aux 0.0 maxgrad 1.30385160446167e-08 post 8.940696716308594e-08 support 0 PASS
history_topk_ae C 1 forward 5.960464477539063e-08 aux 0.0 maxgrad 1.4901161193847656e-08 post 5.960464477539063e-08 support 0 PASS
history_conv_dense C 1 forward 8.940696716308594e-08 aux 9.313225746154785e-10 maxgrad 1.4901161193847656e-08 post 4.470348358154297e-08 support 0 PASS
history_conv_sparse C 1 forward 4.470348358154297e-08 aux 5.587935447692871e-09 maxgrad 1.4901161193847656e-08 post 5.960464477539063e-08 support 0 PASS
dictionary_dense C 1 forward 1.3969838619232178e-09 aux 0.0 maxgrad 2.60770320892334e-08 post 1.862645149230957e-09 support 0 PASS
dictionary_topk C 1 forward 1.3969838619232178e-09 aux 0.0 maxgrad 2.2351741790771484e-08 post 2.7939677238464355e-09 support 0 PASS
unet_l0 C 1 forward 9.685754776000977e-08 aux 0.0 maxgrad 1.043081283569336e-07 post 4.0978193283081055e-08 support None PASS
moe_dense C 1 forward 6.05359673500061e-09 aux 0.0 maxgrad 1.3969838619232178e-09 post 3.725290298461914e-09 support 0 PASS
moe_top2 C 1 forward 7.450580596923828e-09 aux 0.0 maxgrad 3.725290298461914e-09 post 7.450580596923828e-09 support 0 PASS
history_dense_ae C 3 forward 5.960464477539063e-08 aux 0.0 maxgrad 7.450580596923828e-09 post 8.940696716308594e-08 support 0 PASS
history_topk_ae C 3 forward 6.705522537231445e-08 aux 7.450580596923828e-09 maxgrad 7.450580596923828e-09 post 7.543712854385376e-08 support 0 PASS
history_conv_dense C 3 forward 5.960464477539063e-08 aux 0.0 maxgrad 7.450580596923828e-09 post 8.940696716308594e-08 support 0 PASS
history_conv_sparse C 3 forward 7.450580596923828e-08 aux 5.587935447692871e-09 maxgrad 7.450580596923828e-09 post 7.450580596923828e-08 support 0 PASS
dictionary_dense C 3 forward 1.1641532182693481e-09 aux 0.0 maxgrad 7.450580596923828e-09 post 9.313225746154785e-09 support 0 PASS
dictionary_topk C 3 forward 9.313225746154785e-10 aux 0.0 maxgrad 3.725290298461914e-09 post 1.862645149230957e-09 support 0 PASS
unet_l0 C 3 forward 1.6763806343078613e-07 aux 0.0 maxgrad 1.862645149230957e-08 post 1.8998980522155762e-07 support None PASS
moe_dense C 3 forward 9.313225746154785e-09 aux 1.1932570487260818e-09 maxgrad 7.566995918750763e-10 post 2.7241185307502747e-08 support 0 PASS
moe_top2 C 3 forward 1.1175870895385742e-08 aux 1.1932570487260818e-09 maxgrad 1.3969838619232178e-09 post 1.1175870895385742e-08 support 0 PASS
history_dense_ae C 7 forward 1.341104507446289e-07 aux 3.725290298461914e-09 maxgrad 1.4901161193847656e-08 post 1.1175870895385742e-07 support 0 PASS
history_topk_ae C 7 forward 1.2665987014770508e-07 aux 0.0 maxgrad 7.450580596923828e-09 post 1.341104507446289e-07 support 0 PASS
history_conv_dense C 7 forward 1.1920928955078125e-07 aux 3.725290298461914e-09 maxgrad 3.725290298461914e-09 post 1.4901161193847656e-07 support 0 PASS
history_conv_sparse C 7 forward 8.940696716308594e-08 aux 0.0 maxgrad 3.725290298461914e-09 post 1.1920928955078125e-07 support 0 PASS
dictionary_dense C 7 forward 1.3969838619232178e-09 aux 0.0 maxgrad 4.6566128730773926e-09 post 1.979060471057892e-09 support 0 PASS
dictionary_topk C 7 forward 5.820766091346741e-10 aux 0.0 maxgrad 2.3283064365386963e-09 post 1.862645149230957e-09 support 0 PASS
unet_l0 C 7 forward 1.9371509552001953e-07 aux 0.0 maxgrad 1.862645149230957e-08 post 1.4901161193847656e-07 support None PASS
moe_dense C 7 forward 1.6763806343078613e-08 aux 0.0 maxgrad 9.313225746154785e-10 post 1.4901161193847656e-08 support 0 PASS
moe_top2 C 7 forward 2.60770320892334e-08 aux 0.0 maxgrad 9.313225746154785e-10 post 2.60770320892334e-08 support 0 PASS
history_dense_ae C 8 forward 1.1920928955078125e-07 aux 0.0 maxgrad 3.958120942115784e-09 post 1.7881393432617188e-07 support 0 PASS
history_topk_ae C 8 forward 1.1920928955078125e-07 aux 0.0 maxgrad 3.259629011154175e-09 post 1.0728836059570312e-06 support 0 PASS
history_conv_dense C 8 forward 1.4901161193847656e-07 aux 0.0 maxgrad 5.587935447692871e-09 post 1.4901161193847656e-07 support 0 PASS
history_conv_sparse C 8 forward 1.7881393432617188e-07 aux 0.0 maxgrad 6.984919309616089e-09 post 1.7881393432617188e-07 support 0 PASS
dictionary_dense C 8 forward 1.1641532182693481e-09 aux 0.0 maxgrad 4.6566128730773926e-09 post 2.3283064365386963e-09 support 0 PASS
dictionary_topk C 8 forward 5.820766091346741e-10 aux 0.0 maxgrad 2.0954757928848267e-09 post 9.313225746154785e-10 support 0 PASS
unet_l0 C 8 forward 2.2351741790771484e-07 aux 0.0 maxgrad 1.862645149230957e-08 post 2.682209014892578e-07 support None PASS
moe_dense C 8 forward 1.1175870895385742e-08 aux 0.0 maxgrad 9.313225746154785e-10 post 7.450580596923828e-09 support 0 PASS
moe_top2 C 8 forward 9.313225746154785e-09 aux 0.0 maxgrad 6.402842700481415e-10 post 4.0978193283081055e-08 support 0 PASS
Wrote /Users/daniil_koblov/IT/TS Project/results/diagnostics/sparse_model_parity.json status passed
