START white_mlp_seed0 params=65464 device=mps steps=6000
white_mlp_seed0 step=500 val=1.0843 raw=1.0843 elapsed=3.2s
white_mlp_seed0 step=1000 val=0.92684 raw=0.92684 elapsed=5.2s
white_mlp_seed0 step=1500 val=0.88486 raw=0.88486 elapsed=7.3s
white_mlp_seed0 step=2000 val=0.83671 raw=0.83671 elapsed=9.3s
white_mlp_seed0 step=2500 val=0.82637 raw=0.82637 elapsed=11.4s
white_mlp_seed0 step=3000 val=0.80607 raw=0.80607 elapsed=13.4s
white_mlp_seed0 step=3500 val=0.77277 raw=0.77277 elapsed=15.4s
white_mlp_seed0 step=4000 val=0.7637 raw=0.7637 elapsed=17.4s
white_mlp_seed0 step=4500 val=0.7811 raw=0.7811 elapsed=19.5s
white_mlp_seed0 step=5000 val=0.76653 raw=0.76653 elapsed=21.5s
white_mlp_seed0 step=5500 val=0.75602 raw=0.75602 elapsed=23.6s
white_mlp_seed0 step=6000 val=0.745 raw=0.745 elapsed=25.7s
DONE white_mlp_seed0 pc1 6.707545297198833 res 0.18861791872521863 rough_ratio 0.9903278419393512
START white_s4_seed0 params=65281 device=mps steps=6000
white_s4_seed0 step=500 val=1.1731 raw=1.1731 elapsed=5.8s
white_s4_seed0 step=1000 val=0.94395 raw=0.94395 elapsed=11.6s
white_s4_seed0 step=1500 val=0.89864 raw=0.89864 elapsed=17.3s
white_s4_seed0 step=2000 val=0.88948 raw=0.88948 elapsed=23.5s
white_s4_seed0 step=2500 val=0.83298 raw=0.83298 elapsed=31.0s
white_s4_seed0 step=3000 val=0.79903 raw=0.79903 elapsed=37.2s
white_s4_seed0 step=3500 val=0.79529 raw=0.79529 elapsed=43.5s
white_s4_seed0 step=4000 val=0.7599 raw=0.7599 elapsed=49.5s
white_s4_seed0 step=4500 val=0.77941 raw=0.77941 elapsed=55.1s
white_s4_seed0 step=5000 val=0.77632 raw=0.77632 elapsed=61.2s
white_s4_seed0 step=5500 val=0.77342 raw=0.77342 elapsed=67.4s
white_s4_seed0 step=6000 val=0.74302 raw=0.74302 elapsed=73.7s
DONE white_s4_seed0 pc1 6.5448429313525995 res 0.19006621581470215 rough_ratio 0.952897632456688
START gp_mlp_seed0 params=65464 device=mps steps=6000
gp_mlp_seed0 step=500 val=2.044 raw=2.044 elapsed=2.5s
gp_mlp_seed0 step=1000 val=1.8301 raw=1.8301 elapsed=4.7s
gp_mlp_seed0 step=1500 val=1.7305 raw=1.7305 elapsed=7.0s
gp_mlp_seed0 step=2000 val=1.6425 raw=1.6425 elapsed=9.3s
gp_mlp_seed0 step=2500 val=1.6347 raw=1.6347 elapsed=11.7s
gp_mlp_seed0 step=3000 val=1.5957 raw=1.5957 elapsed=13.9s
gp_mlp_seed0 step=3500 val=1.6091 raw=1.6091 elapsed=16.4s
gp_mlp_seed0 step=4000 val=1.5767 raw=1.5767 elapsed=19.2s
gp_mlp_seed0 step=4500 val=1.6563 raw=1.6563 elapsed=21.9s
gp_mlp_seed0 step=5000 val=1.5835 raw=1.5835 elapsed=24.4s
gp_mlp_seed0 step=5500 val=1.5815 raw=1.5815 elapsed=27.0s
gp_mlp_seed0 step=6000 val=1.5243 raw=1.5243 elapsed=29.3s
DONE gp_mlp_seed0 pc1 17.316144969481048 res 0.12197205752793365 rough_ratio 0.9303938053446006
START gp_s4_seed0 params=65281 device=mps steps=6000
gp_s4_seed0 step=500 val=2.0085 raw=2.0085 elapsed=6.8s
gp_s4_seed0 step=1000 val=1.8611 raw=1.8611 elapsed=13.2s
gp_s4_seed0 step=1500 val=1.7265 raw=1.7265 elapsed=18.9s
gp_s4_seed0 step=2000 val=1.6853 raw=1.6853 elapsed=25.2s
gp_s4_seed0 step=2500 val=1.6899 raw=1.6899 elapsed=32.1s
gp_s4_seed0 step=3000 val=1.5904 raw=1.5904 elapsed=38.9s
gp_s4_seed0 step=3500 val=1.5961 raw=1.5961 elapsed=45.1s
gp_s4_seed0 step=4000 val=1.5799 raw=1.5799 elapsed=53.0s
gp_s4_seed0 step=4500 val=1.61 raw=1.61 elapsed=59.3s
gp_s4_seed0 step=5000 val=1.5607 raw=1.5607 elapsed=65.6s
gp_s4_seed0 step=5500 val=1.5834 raw=1.5834 elapsed=71.9s
gp_s4_seed0 step=6000 val=1.5248 raw=1.5248 elapsed=77.7s
DONE gp_s4_seed0 pc1 17.263053568335327 res 0.13158299865241405 rough_ratio 0.9651655951285661
START gp_whitened_mlp_seed0 params=65464 device=mps steps=6000
gp_whitened_mlp_seed0 step=500 val=0.23781 raw=1.934 elapsed=2.2s
gp_whitened_mlp_seed0 step=1000 val=0.21988 raw=1.7302 elapsed=4.3s
gp_whitened_mlp_seed0 step=1500 val=0.21517 raw=1.6694 elapsed=6.7s
gp_whitened_mlp_seed0 step=2000 val=0.20909 raw=1.5875 elapsed=9.1s
gp_whitened_mlp_seed0 step=2500 val=0.20633 raw=1.5529 elapsed=11.5s
gp_whitened_mlp_seed0 step=3000 val=0.2049 raw=1.5352 elapsed=14.0s
gp_whitened_mlp_seed0 step=3500 val=0.20222 raw=1.495 elapsed=16.3s
gp_whitened_mlp_seed0 step=4000 val=0.20027 raw=1.4678 elapsed=18.6s
gp_whitened_mlp_seed0 step=4500 val=0.20027 raw=1.4635 elapsed=20.9s
gp_whitened_mlp_seed0 step=5000 val=0.20085 raw=1.4938 elapsed=23.4s
gp_whitened_mlp_seed0 step=5500 val=0.19888 raw=1.4261 elapsed=25.7s
gp_whitened_mlp_seed0 step=6000 val=0.19899 raw=1.4334 elapsed=28.1s
DONE gp_whitened_mlp_seed0 pc1 16.68988221212334 res 0.11048491243324488 rough_ratio 0.9500764515446924
START white_mlp_seed1 params=65464 device=mps steps=6000
white_mlp_seed1 step=500 val=1.0726 raw=1.0726 elapsed=2.5s
white_mlp_seed1 step=1000 val=0.93046 raw=0.93046 elapsed=5.0s
white_mlp_seed1 step=1500 val=0.86641 raw=0.86641 elapsed=7.3s
white_mlp_seed1 step=2000 val=0.81913 raw=0.81913 elapsed=9.7s
white_mlp_seed1 step=2500 val=0.78154 raw=0.78154 elapsed=12.1s
white_mlp_seed1 step=3000 val=0.78273 raw=0.78273 elapsed=14.5s
white_mlp_seed1 step=3500 val=0.77117 raw=0.77117 elapsed=16.9s
white_mlp_seed1 step=4000 val=0.77463 raw=0.77463 elapsed=19.4s
white_mlp_seed1 step=4500 val=0.74569 raw=0.74569 elapsed=21.9s
white_mlp_seed1 step=5000 val=0.73806 raw=0.73806 elapsed=24.3s
white_mlp_seed1 step=5500 val=0.73335 raw=0.73335 elapsed=26.6s
white_mlp_seed1 step=6000 val=0.74337 raw=0.74337 elapsed=28.9s
DONE white_mlp_seed1 pc1 6.454002160996419 res 0.1925430478151741 rough_ratio 0.9989384551694197
START white_s4_seed1 params=65281 device=mps steps=6000
white_s4_seed1 step=500 val=1.1475 raw=1.1475 elapsed=6.5s
white_s4_seed1 step=1000 val=0.95551 raw=0.95551 elapsed=13.1s
white_s4_seed1 step=1500 val=0.8753 raw=0.8753 elapsed=19.8s
white_s4_seed1 step=2000 val=0.84741 raw=0.84741 elapsed=26.1s
white_s4_seed1 step=2500 val=0.80212 raw=0.80212 elapsed=32.6s
white_s4_seed1 step=3000 val=0.78271 raw=0.78271 elapsed=38.3s
white_s4_seed1 step=3500 val=0.81781 raw=0.81781 elapsed=44.3s
white_s4_seed1 step=4000 val=0.81895 raw=0.81895 elapsed=50.3s
white_s4_seed1 step=4500 val=0.76027 raw=0.76027 elapsed=56.5s
white_s4_seed1 step=5000 val=0.73396 raw=0.73396 elapsed=62.9s
white_s4_seed1 step=5500 val=0.72546 raw=0.72546 elapsed=69.4s
white_s4_seed1 step=6000 val=0.73258 raw=0.73258 elapsed=75.0s
DONE white_s4_seed1 pc1 6.4552451875023795 res 0.18656664594830125 rough_ratio 0.9499833506063257
START gp_mlp_seed1 params=65464 device=mps steps=6000
gp_mlp_seed1 step=500 val=1.9777 raw=1.9777 elapsed=2.2s
gp_mlp_seed1 step=1000 val=1.7933 raw=1.7933 elapsed=4.3s
gp_mlp_seed1 step=1500 val=1.7154 raw=1.7154 elapsed=6.5s
gp_mlp_seed1 step=2000 val=1.6826 raw=1.6826 elapsed=8.7s
gp_mlp_seed1 step=2500 val=1.601 raw=1.601 elapsed=10.8s
gp_mlp_seed1 step=3000 val=1.598 raw=1.598 elapsed=13.0s
gp_mlp_seed1 step=3500 val=1.5746 raw=1.5746 elapsed=15.1s
gp_mlp_seed1 step=4000 val=1.6619 raw=1.6619 elapsed=17.3s
gp_mlp_seed1 step=4500 val=1.5307 raw=1.5307 elapsed=19.4s
gp_mlp_seed1 step=5000 val=1.4893 raw=1.4893 elapsed=21.6s
gp_mlp_seed1 step=5500 val=1.5082 raw=1.5082 elapsed=23.8s
gp_mlp_seed1 step=6000 val=1.6071 raw=1.6071 elapsed=25.9s
DONE gp_mlp_seed1 pc1 17.39290064146763 res 0.12327117545809492 rough_ratio 0.9192583425796433
START gp_s4_seed1 params=65281 device=mps steps=6000
gp_s4_seed1 step=500 val=2.1352 raw=2.1352 elapsed=5.7s
gp_s4_seed1 step=1000 val=1.8492 raw=1.8492 elapsed=11.4s
gp_s4_seed1 step=1500 val=1.8178 raw=1.8178 elapsed=17.0s
gp_s4_seed1 step=2000 val=1.7283 raw=1.7283 elapsed=22.7s
gp_s4_seed1 step=2500 val=1.6464 raw=1.6464 elapsed=28.3s
gp_s4_seed1 step=3000 val=1.6298 raw=1.6298 elapsed=34.0s
gp_s4_seed1 step=3500 val=1.6341 raw=1.6341 elapsed=39.7s
gp_s4_seed1 step=4000 val=1.6638 raw=1.6638 elapsed=45.3s
gp_s4_seed1 step=4500 val=1.5892 raw=1.5892 elapsed=51.0s
gp_s4_seed1 step=5000 val=1.5196 raw=1.5196 elapsed=57.5s
gp_s4_seed1 step=5500 val=1.5008 raw=1.5008 elapsed=63.6s
gp_s4_seed1 step=6000 val=1.6273 raw=1.6273 elapsed=69.5s
DONE gp_s4_seed1 pc1 17.231340691670464 res 0.13033100177779314 rough_ratio 0.9467301878525883
START gp_whitened_mlp_seed1 params=65464 device=mps steps=6000
gp_whitened_mlp_seed1 step=500 val=0.23516 raw=1.9107 elapsed=2.4s
gp_whitened_mlp_seed1 step=1000 val=0.21856 raw=1.7105 elapsed=4.8s
gp_whitened_mlp_seed1 step=1500 val=0.21441 raw=1.6832 elapsed=7.1s
gp_whitened_mlp_seed1 step=2000 val=0.21048 raw=1.6082 elapsed=9.7s
gp_whitened_mlp_seed1 step=2500 val=0.20509 raw=1.5415 elapsed=12.4s
gp_whitened_mlp_seed1 step=3000 val=0.20371 raw=1.501 elapsed=15.2s
gp_whitened_mlp_seed1 step=3500 val=0.20304 raw=1.5258 elapsed=17.7s
gp_whitened_mlp_seed1 step=4000 val=0.20262 raw=1.4665 elapsed=20.1s
gp_whitened_mlp_seed1 step=4500 val=0.19802 raw=1.4363 elapsed=22.7s
gp_whitened_mlp_seed1 step=5000 val=0.19752 raw=1.4185 elapsed=25.1s
gp_whitened_mlp_seed1 step=5500 val=0.19848 raw=1.4186 elapsed=27.5s
gp_whitened_mlp_seed1 step=6000 val=0.19889 raw=1.4437 elapsed=29.9s
DONE gp_whitened_mlp_seed1 pc1 16.617414960113216 res 0.10843889649084802 rough_ratio 0.9649853697119583
START white_mlp_seed2 params=65464 device=mps steps=6000
white_mlp_seed2 step=500 val=1.0632 raw=1.0632 elapsed=2.4s
white_mlp_seed2 step=1000 val=0.91633 raw=0.91633 elapsed=4.7s
white_mlp_seed2 step=1500 val=0.86482 raw=0.86482 elapsed=7.1s
white_mlp_seed2 step=2000 val=0.82743 raw=0.82743 elapsed=9.5s
white_mlp_seed2 step=2500 val=0.79355 raw=0.79355 elapsed=11.9s
white_mlp_seed2 step=3000 val=0.79213 raw=0.79213 elapsed=14.3s
white_mlp_seed2 step=3500 val=0.7741 raw=0.7741 elapsed=16.7s
white_mlp_seed2 step=4000 val=0.76516 raw=0.76516 elapsed=19.1s
white_mlp_seed2 step=4500 val=0.74822 raw=0.74822 elapsed=21.4s
white_mlp_seed2 step=5000 val=0.74148 raw=0.74148 elapsed=23.8s
white_mlp_seed2 step=5500 val=0.72976 raw=0.72976 elapsed=26.2s
white_mlp_seed2 step=6000 val=0.74802 raw=0.74802 elapsed=28.5s
DONE white_mlp_seed2 pc1 6.6126020091710025 res 0.18939468147155872 rough_ratio 0.9656213249062656
START white_s4_seed2 params=65281 device=mps steps=6000
white_s4_seed2 step=500 val=1.1284 raw=1.1284 elapsed=6.4s
white_s4_seed2 step=1000 val=0.93576 raw=0.93576 elapsed=13.0s
white_s4_seed2 step=1500 val=0.8687 raw=0.8687 elapsed=19.8s
white_s4_seed2 step=2000 val=0.85614 raw=0.85614 elapsed=26.5s
white_s4_seed2 step=2500 val=0.80637 raw=0.80637 elapsed=32.7s
white_s4_seed2 step=3000 val=0.81494 raw=0.81494 elapsed=39.3s
white_s4_seed2 step=3500 val=0.78698 raw=0.78698 elapsed=46.0s
white_s4_seed2 step=4000 val=0.78266 raw=0.78266 elapsed=52.4s
white_s4_seed2 step=4500 val=0.76104 raw=0.76104 elapsed=59.1s
white_s4_seed2 step=5000 val=0.74626 raw=0.74626 elapsed=65.4s
white_s4_seed2 step=5500 val=0.74996 raw=0.74996 elapsed=71.6s
white_s4_seed2 step=6000 val=0.75436 raw=0.75436 elapsed=78.0s
DONE white_s4_seed2 pc1 6.6832521942999135 res 0.18826193331954874 rough_ratio 0.9712667748032057
START gp_mlp_seed2 params=65464 device=mps steps=6000
gp_mlp_seed2 step=500 val=2.0419 raw=2.0419 elapsed=2.5s
gp_mlp_seed2 step=1000 val=1.7903 raw=1.7903 elapsed=5.0s
gp_mlp_seed2 step=1500 val=1.7413 raw=1.7413 elapsed=7.7s
gp_mlp_seed2 step=2000 val=1.6783 raw=1.6783 elapsed=10.3s
gp_mlp_seed2 step=2500 val=1.615 raw=1.615 elapsed=12.9s
gp_mlp_seed2 step=3000 val=1.5635 raw=1.5635 elapsed=15.2s
gp_mlp_seed2 step=3500 val=1.6184 raw=1.6184 elapsed=17.5s
gp_mlp_seed2 step=4000 val=1.5463 raw=1.5463 elapsed=19.8s
gp_mlp_seed2 step=4500 val=1.541 raw=1.541 elapsed=22.2s
gp_mlp_seed2 step=5000 val=1.5136 raw=1.5136 elapsed=24.7s
gp_mlp_seed2 step=5500 val=1.5291 raw=1.5291 elapsed=27.3s
gp_mlp_seed2 step=6000 val=1.5172 raw=1.5172 elapsed=29.9s
DONE gp_mlp_seed2 pc1 17.70806273748667 res 0.12592431727482975 rough_ratio 0.9736440174218777
START gp_s4_seed2 params=65281 device=mps steps=6000
gp_s4_seed2 step=500 val=2.1007 raw=2.1007 elapsed=6.4s
gp_s4_seed2 step=1000 val=1.845 raw=1.845 elapsed=12.8s
gp_s4_seed2 step=1500 val=1.8383 raw=1.8383 elapsed=18.5s
gp_s4_seed2 step=2000 val=1.7367 raw=1.7367 elapsed=24.1s
gp_s4_seed2 step=2500 val=1.6469 raw=1.6469 elapsed=29.7s
gp_s4_seed2 step=3000 val=1.6706 raw=1.6706 elapsed=35.5s
gp_s4_seed2 step=3500 val=1.6255 raw=1.6255 elapsed=41.3s
gp_s4_seed2 step=4000 val=1.6081 raw=1.6081 elapsed=47.2s
gp_s4_seed2 step=4500 val=1.5653 raw=1.5653 elapsed=52.8s
gp_s4_seed2 step=5000 val=1.5684 raw=1.5684 elapsed=58.4s
gp_s4_seed2 step=5500 val=1.5692 raw=1.5692 elapsed=64.3s
gp_s4_seed2 step=6000 val=1.5218 raw=1.5218 elapsed=70.0s
DONE gp_s4_seed2 pc1 17.276488261048254 res 0.1313829427384213 rough_ratio 0.8903870073479637
START gp_whitened_mlp_seed2 params=65464 device=mps steps=6000
gp_whitened_mlp_seed2 step=500 val=0.23005 raw=1.8513 elapsed=2.2s
gp_whitened_mlp_seed2 step=1000 val=0.21546 raw=1.6671 elapsed=4.4s
gp_whitened_mlp_seed2 step=1500 val=0.21303 raw=1.6511 elapsed=6.6s
gp_whitened_mlp_seed2 step=2000 val=0.20736 raw=1.5852 elapsed=8.7s
gp_whitened_mlp_seed2 step=2500 val=0.20498 raw=1.5344 elapsed=10.9s
gp_whitened_mlp_seed2 step=3000 val=0.20347 raw=1.5092 elapsed=13.0s
gp_whitened_mlp_seed2 step=3500 val=0.20252 raw=1.5135 elapsed=15.2s
gp_whitened_mlp_seed2 step=4000 val=0.19885 raw=1.472 elapsed=17.3s
gp_whitened_mlp_seed2 step=4500 val=0.19867 raw=1.4508 elapsed=19.5s
gp_whitened_mlp_seed2 step=5000 val=0.19687 raw=1.4204 elapsed=21.6s
gp_whitened_mlp_seed2 step=5500 val=0.19646 raw=1.4213 elapsed=23.7s
gp_whitened_mlp_seed2 step=6000 val=0.19594 raw=1.4079 elapsed=25.9s
DONE gp_whitened_mlp_seed2 pc1 16.300961773072395 res 0.10685183129434549 rough_ratio 0.9151627064388819
