START white_mlp_seed0 params=65464 device=mps steps=6000
white_mlp_seed0 step=500 val=1.0317 raw=1.0317 elapsed=3.0s
white_mlp_seed0 step=1000 val=0.86765 raw=0.86765 elapsed=5.2s
white_mlp_seed0 step=1500 val=0.77808 raw=0.77808 elapsed=7.7s
white_mlp_seed0 step=2000 val=0.77168 raw=0.77168 elapsed=9.9s
white_mlp_seed0 step=2500 val=0.72121 raw=0.72121 elapsed=12.1s
white_mlp_seed0 step=3000 val=0.69587 raw=0.69587 elapsed=14.4s
white_mlp_seed0 step=3500 val=0.66313 raw=0.66313 elapsed=16.6s
white_mlp_seed0 step=4000 val=0.6681 raw=0.6681 elapsed=18.9s
white_mlp_seed0 step=4500 val=0.63206 raw=0.63206 elapsed=21.1s
white_mlp_seed0 step=5000 val=0.66126 raw=0.66126 elapsed=23.4s
white_mlp_seed0 step=5500 val=0.66007 raw=0.66007 elapsed=25.6s
white_mlp_seed0 step=6000 val=0.67692 raw=0.67692 elapsed=28.0s
DONE white_mlp_seed0 pc1 6.71829430699702 res 0.1241355722139594 rough_ratio 1.0649829370476063
START white_s4_seed0 params=65281 device=mps steps=6000
white_s4_seed0 step=500 val=1.1588 raw=1.1588 elapsed=6.2s
white_s4_seed0 step=1000 val=0.91626 raw=0.91626 elapsed=12.4s
white_s4_seed0 step=1500 val=0.83377 raw=0.83377 elapsed=18.7s
white_s4_seed0 step=2000 val=0.79369 raw=0.79369 elapsed=24.9s
white_s4_seed0 step=2500 val=0.71151 raw=0.71151 elapsed=31.2s
white_s4_seed0 step=3000 val=0.73113 raw=0.73113 elapsed=37.7s
white_s4_seed0 step=3500 val=0.6787 raw=0.6787 elapsed=44.1s
white_s4_seed0 step=4000 val=0.66684 raw=0.66684 elapsed=50.6s
white_s4_seed0 step=4500 val=0.66423 raw=0.66423 elapsed=57.0s
white_s4_seed0 step=5000 val=0.67993 raw=0.67993 elapsed=63.4s
white_s4_seed0 step=5500 val=0.66948 raw=0.66948 elapsed=69.7s
white_s4_seed0 step=6000 val=0.69415 raw=0.69415 elapsed=76.2s
DONE white_s4_seed0 pc1 7.626924766325791 res 0.13810207366140875 rough_ratio 1.0339695369453146
START gp_mlp_seed0 params=65464 device=mps steps=6000
gp_mlp_seed0 step=500 val=1.8634 raw=1.8634 elapsed=2.5s
gp_mlp_seed0 step=1000 val=1.6364 raw=1.6364 elapsed=4.9s
gp_mlp_seed0 step=1500 val=1.4465 raw=1.4465 elapsed=7.4s
gp_mlp_seed0 step=2000 val=1.439 raw=1.439 elapsed=9.7s
gp_mlp_seed0 step=2500 val=1.3949 raw=1.3949 elapsed=12.1s
gp_mlp_seed0 step=3000 val=1.2822 raw=1.2822 elapsed=14.5s
gp_mlp_seed0 step=3500 val=1.2757 raw=1.2757 elapsed=16.8s
gp_mlp_seed0 step=4000 val=1.2273 raw=1.2273 elapsed=19.2s
gp_mlp_seed0 step=4500 val=1.272 raw=1.272 elapsed=21.5s
gp_mlp_seed0 step=5000 val=1.2609 raw=1.2609 elapsed=24.1s
gp_mlp_seed0 step=5500 val=1.2339 raw=1.2339 elapsed=26.5s
gp_mlp_seed0 step=6000 val=1.2335 raw=1.2335 elapsed=29.1s
DONE gp_mlp_seed0 pc1 15.305565420143674 res 0.04960829505567516 rough_ratio 1.0400173302223594
START gp_s4_seed0 params=65281 device=mps steps=6000
gp_s4_seed0 step=500 val=1.8894 raw=1.8894 elapsed=7.1s
gp_s4_seed0 step=1000 val=1.6219 raw=1.6219 elapsed=13.5s
gp_s4_seed0 step=1500 val=1.5609 raw=1.5609 elapsed=19.9s
gp_s4_seed0 step=2000 val=1.4582 raw=1.4582 elapsed=26.5s
gp_s4_seed0 step=2500 val=1.3737 raw=1.3737 elapsed=33.1s
gp_s4_seed0 step=3000 val=1.412 raw=1.412 elapsed=39.7s
gp_s4_seed0 step=3500 val=1.3018 raw=1.3018 elapsed=46.1s
gp_s4_seed0 step=4000 val=1.2914 raw=1.2914 elapsed=52.4s
gp_s4_seed0 step=4500 val=1.3303 raw=1.3303 elapsed=58.8s
gp_s4_seed0 step=5000 val=1.2607 raw=1.2607 elapsed=65.2s
gp_s4_seed0 step=5500 val=1.2327 raw=1.2327 elapsed=71.6s
gp_s4_seed0 step=6000 val=1.3338 raw=1.3338 elapsed=78.1s
DONE gp_s4_seed0 pc1 15.306996275252375 res 0.05915210827671646 rough_ratio 1.1028101409249211
START gp_whitened_mlp_seed0 params=65464 device=mps steps=6000
gp_whitened_mlp_seed0 step=500 val=0.16618 raw=1.7686 elapsed=2.4s
gp_whitened_mlp_seed0 step=1000 val=0.15551 raw=1.5448 elapsed=4.7s
gp_whitened_mlp_seed0 step=1500 val=0.15614 raw=1.4836 elapsed=7.1s
gp_whitened_mlp_seed0 step=2000 val=0.14775 raw=1.3807 elapsed=9.4s
gp_whitened_mlp_seed0 step=2500 val=0.14536 raw=1.3587 elapsed=11.8s
gp_whitened_mlp_seed0 step=3000 val=0.14559 raw=1.2847 elapsed=14.1s
gp_whitened_mlp_seed0 step=3500 val=0.14282 raw=1.1924 elapsed=16.5s
gp_whitened_mlp_seed0 step=4000 val=0.14009 raw=1.1944 elapsed=18.9s
gp_whitened_mlp_seed0 step=4500 val=0.13995 raw=1.199 elapsed=21.2s
gp_whitened_mlp_seed0 step=5000 val=0.1392 raw=1.1882 elapsed=23.7s
gp_whitened_mlp_seed0 step=5500 val=0.13929 raw=1.151 elapsed=26.0s
gp_whitened_mlp_seed0 step=6000 val=0.13805 raw=1.1306 elapsed=28.3s
DONE gp_whitened_mlp_seed0 pc1 13.586131402868325 res 0.0402695053083672 rough_ratio 0.9937708722103231
START white_mlp_seed1 params=65464 device=mps steps=6000
white_mlp_seed1 step=500 val=0.97972 raw=0.97972 elapsed=2.4s
white_mlp_seed1 step=1000 val=0.8308 raw=0.8308 elapsed=4.7s
white_mlp_seed1 step=1500 val=0.79024 raw=0.79024 elapsed=7.1s
white_mlp_seed1 step=2000 val=0.73593 raw=0.73593 elapsed=9.4s
white_mlp_seed1 step=2500 val=0.70436 raw=0.70436 elapsed=11.8s
white_mlp_seed1 step=3000 val=0.69127 raw=0.69127 elapsed=14.1s
white_mlp_seed1 step=3500 val=0.70591 raw=0.70591 elapsed=16.5s
white_mlp_seed1 step=4000 val=0.68495 raw=0.68495 elapsed=18.9s
white_mlp_seed1 step=4500 val=0.63979 raw=0.63979 elapsed=21.2s
white_mlp_seed1 step=5000 val=0.62978 raw=0.62978 elapsed=23.6s
white_mlp_seed1 step=5500 val=0.62611 raw=0.62611 elapsed=25.9s
white_mlp_seed1 step=6000 val=0.62942 raw=0.62942 elapsed=28.4s
DONE white_mlp_seed1 pc1 6.6895143758537285 res 0.12565202751332516 rough_ratio 1.0519030909801252
START white_s4_seed1 params=65281 device=mps steps=6000
white_s4_seed1 step=500 val=1.0669 raw=1.0669 elapsed=6.3s
white_s4_seed1 step=1000 val=0.95945 raw=0.95945 elapsed=12.7s
white_s4_seed1 step=1500 val=0.9804 raw=0.9804 elapsed=19.3s
white_s4_seed1 step=2000 val=0.76595 raw=0.76595 elapsed=25.7s
white_s4_seed1 step=2500 val=0.72108 raw=0.72108 elapsed=32.0s
white_s4_seed1 step=3000 val=0.6926 raw=0.6926 elapsed=38.4s
white_s4_seed1 step=3500 val=0.72928 raw=0.72928 elapsed=44.8s
white_s4_seed1 step=4000 val=0.72614 raw=0.72614 elapsed=51.3s
white_s4_seed1 step=4500 val=0.66242 raw=0.66242 elapsed=57.8s
white_s4_seed1 step=5000 val=0.7267 raw=0.7267 elapsed=64.2s
white_s4_seed1 step=5500 val=0.64117 raw=0.64117 elapsed=70.6s
white_s4_seed1 step=6000 val=0.64348 raw=0.64348 elapsed=76.9s
DONE white_s4_seed1 pc1 7.2207870690159925 res 0.12479571668729424 rough_ratio 1.001430487989177
START gp_mlp_seed1 params=65464 device=mps steps=6000
gp_mlp_seed1 step=500 val=1.767 raw=1.767 elapsed=2.4s
gp_mlp_seed1 step=1000 val=1.544 raw=1.544 elapsed=4.8s
gp_mlp_seed1 step=1500 val=1.4885 raw=1.4885 elapsed=7.2s
gp_mlp_seed1 step=2000 val=1.3823 raw=1.3823 elapsed=9.5s
gp_mlp_seed1 step=2500 val=1.4795 raw=1.4795 elapsed=11.9s
gp_mlp_seed1 step=3000 val=1.2585 raw=1.2585 elapsed=14.3s
gp_mlp_seed1 step=3500 val=1.2336 raw=1.2336 elapsed=16.7s
gp_mlp_seed1 step=4000 val=1.2659 raw=1.2659 elapsed=19.1s
gp_mlp_seed1 step=4500 val=1.2083 raw=1.2083 elapsed=21.4s
gp_mlp_seed1 step=5000 val=1.1833 raw=1.1833 elapsed=23.8s
gp_mlp_seed1 step=5500 val=1.3052 raw=1.3052 elapsed=26.2s
gp_mlp_seed1 step=6000 val=1.269 raw=1.269 elapsed=28.5s
DONE gp_mlp_seed1 pc1 14.74089115693815 res 0.04790861910898313 rough_ratio 1.01283820651028
START gp_s4_seed1 params=65281 device=mps steps=6000
gp_s4_seed1 step=500 val=1.7802 raw=1.7802 elapsed=6.5s
gp_s4_seed1 step=1000 val=1.757 raw=1.757 elapsed=12.8s
gp_s4_seed1 step=1500 val=1.584 raw=1.584 elapsed=19.2s
gp_s4_seed1 step=2000 val=1.4072 raw=1.4072 elapsed=25.6s
gp_s4_seed1 step=2500 val=1.4018 raw=1.4018 elapsed=32.0s
gp_s4_seed1 step=3000 val=1.5349 raw=1.5349 elapsed=38.4s
gp_s4_seed1 step=3500 val=1.2655 raw=1.2655 elapsed=44.7s
gp_s4_seed1 step=4000 val=1.267 raw=1.267 elapsed=51.2s
gp_s4_seed1 step=4500 val=1.215 raw=1.215 elapsed=57.5s
gp_s4_seed1 step=5000 val=1.2119 raw=1.2119 elapsed=63.9s
gp_s4_seed1 step=5500 val=1.2348 raw=1.2348 elapsed=70.2s
gp_s4_seed1 step=6000 val=1.322 raw=1.322 elapsed=76.6s
DONE gp_s4_seed1 pc1 15.736046195752003 res 0.05721745706594309 rough_ratio 0.9967329623423834
START gp_whitened_mlp_seed1 params=65464 device=mps steps=6000
gp_whitened_mlp_seed1 step=500 val=0.1664 raw=1.7686 elapsed=2.4s
gp_whitened_mlp_seed1 step=1000 val=0.1523 raw=1.5305 elapsed=4.8s
gp_whitened_mlp_seed1 step=1500 val=0.14784 raw=1.3935 elapsed=7.2s
gp_whitened_mlp_seed1 step=2000 val=0.14497 raw=1.3251 elapsed=9.6s
gp_whitened_mlp_seed1 step=2500 val=0.14353 raw=1.2845 elapsed=12.0s
gp_whitened_mlp_seed1 step=3000 val=0.14238 raw=1.2917 elapsed=14.3s
gp_whitened_mlp_seed1 step=3500 val=0.13858 raw=1.1535 elapsed=16.7s
gp_whitened_mlp_seed1 step=4000 val=0.13886 raw=1.1488 elapsed=19.1s
gp_whitened_mlp_seed1 step=4500 val=0.13707 raw=1.1389 elapsed=21.5s
gp_whitened_mlp_seed1 step=5000 val=0.13641 raw=1.1027 elapsed=23.9s
gp_whitened_mlp_seed1 step=5500 val=0.13664 raw=1.0939 elapsed=26.2s
gp_whitened_mlp_seed1 step=6000 val=0.13707 raw=1.0969 elapsed=28.6s
DONE gp_whitened_mlp_seed1 pc1 13.49253950906099 res 0.03994369177546807 rough_ratio 0.9941269779969999
START white_mlp_seed2 params=65464 device=mps steps=6000
white_mlp_seed2 step=500 val=1.0171 raw=1.0171 elapsed=2.3s
white_mlp_seed2 step=1000 val=0.85651 raw=0.85651 elapsed=4.8s
white_mlp_seed2 step=1500 val=0.76973 raw=0.76973 elapsed=7.2s
white_mlp_seed2 step=2000 val=0.76923 raw=0.76923 elapsed=9.6s
white_mlp_seed2 step=2500 val=0.72001 raw=0.72001 elapsed=11.9s
white_mlp_seed2 step=3000 val=0.69136 raw=0.69136 elapsed=14.3s
white_mlp_seed2 step=3500 val=0.69812 raw=0.69812 elapsed=16.7s
white_mlp_seed2 step=4000 val=0.66518 raw=0.66518 elapsed=19.1s
white_mlp_seed2 step=4500 val=0.6431 raw=0.6431 elapsed=21.4s
white_mlp_seed2 step=5000 val=0.66141 raw=0.66141 elapsed=23.8s
white_mlp_seed2 step=5500 val=0.634 raw=0.634 elapsed=26.2s
white_mlp_seed2 step=6000 val=0.614 raw=0.614 elapsed=28.6s
DONE white_mlp_seed2 pc1 6.729972981042931 res 0.11726219890252162 rough_ratio 1.016225918661749
START white_s4_seed2 params=65281 device=mps steps=6000
white_s4_seed2 step=500 val=1.1217 raw=1.1217 elapsed=6.4s
white_s4_seed2 step=1000 val=0.88168 raw=0.88168 elapsed=12.9s
white_s4_seed2 step=1500 val=0.85047 raw=0.85047 elapsed=19.3s
white_s4_seed2 step=2000 val=0.78514 raw=0.78514 elapsed=25.6s
white_s4_seed2 step=2500 val=0.76644 raw=0.76644 elapsed=32.0s
white_s4_seed2 step=3000 val=0.71665 raw=0.71665 elapsed=38.4s
white_s4_seed2 step=3500 val=0.69094 raw=0.69094 elapsed=44.8s
white_s4_seed2 step=4000 val=0.76568 raw=0.76568 elapsed=51.2s
white_s4_seed2 step=4500 val=0.70526 raw=0.70526 elapsed=57.5s
white_s4_seed2 step=5000 val=0.70035 raw=0.70035 elapsed=63.9s
white_s4_seed2 step=5500 val=0.65187 raw=0.65187 elapsed=70.2s
white_s4_seed2 step=6000 val=0.62995 raw=0.62995 elapsed=76.7s
DONE white_s4_seed2 pc1 7.242980003513191 res 0.11891980047309428 rough_ratio 1.117832250036698
START gp_mlp_seed2 params=65464 device=mps steps=6000
gp_mlp_seed2 step=500 val=1.8613 raw=1.8613 elapsed=2.4s
gp_mlp_seed2 step=1000 val=1.5806 raw=1.5806 elapsed=4.7s
gp_mlp_seed2 step=1500 val=1.4437 raw=1.4437 elapsed=7.1s
gp_mlp_seed2 step=2000 val=1.4523 raw=1.4523 elapsed=9.5s
gp_mlp_seed2 step=2500 val=1.4146 raw=1.4146 elapsed=11.9s
gp_mlp_seed2 step=3000 val=1.3802 raw=1.3802 elapsed=14.3s
gp_mlp_seed2 step=3500 val=1.2515 raw=1.2515 elapsed=16.7s
gp_mlp_seed2 step=4000 val=1.224 raw=1.224 elapsed=19.1s
gp_mlp_seed2 step=4500 val=1.2127 raw=1.2127 elapsed=21.4s
gp_mlp_seed2 step=5000 val=1.157 raw=1.157 elapsed=23.9s
gp_mlp_seed2 step=5500 val=1.1991 raw=1.1991 elapsed=26.2s
gp_mlp_seed2 step=6000 val=1.212 raw=1.212 elapsed=28.6s
DONE gp_mlp_seed2 pc1 14.754766753274362 res 0.04962674357414185 rough_ratio 0.9860380172895412
START gp_s4_seed2 params=65281 device=mps steps=6000
gp_s4_seed2 step=500 val=1.905 raw=1.905 elapsed=6.5s
gp_s4_seed2 step=1000 val=1.668 raw=1.668 elapsed=12.6s
gp_s4_seed2 step=1500 val=1.5694 raw=1.5694 elapsed=18.7s
gp_s4_seed2 step=2000 val=1.4421 raw=1.4421 elapsed=24.7s
gp_s4_seed2 step=2500 val=1.4101 raw=1.4101 elapsed=31.1s
gp_s4_seed2 step=3000 val=1.4465 raw=1.4465 elapsed=37.3s
gp_s4_seed2 step=3500 val=1.31 raw=1.31 elapsed=43.6s
gp_s4_seed2 step=4000 val=1.2489 raw=1.2489 elapsed=50.0s
gp_s4_seed2 step=4500 val=1.2674 raw=1.2674 elapsed=56.3s
gp_s4_seed2 step=5000 val=1.2538 raw=1.2538 elapsed=62.6s
gp_s4_seed2 step=5500 val=1.2998 raw=1.2998 elapsed=68.8s
gp_s4_seed2 step=6000 val=1.2625 raw=1.2625 elapsed=75.3s
DONE gp_s4_seed2 pc1 15.446507308022168 res 0.059866295775809306 rough_ratio 1.038826494688873
START gp_whitened_mlp_seed2 params=65464 device=mps steps=6000
gp_whitened_mlp_seed2 step=500 val=0.16523 raw=1.6779 elapsed=2.2s
gp_whitened_mlp_seed2 step=1000 val=0.15407 raw=1.5405 elapsed=4.5s
gp_whitened_mlp_seed2 step=1500 val=0.15178 raw=1.4045 elapsed=6.7s
gp_whitened_mlp_seed2 step=2000 val=0.14633 raw=1.3203 elapsed=9.2s
gp_whitened_mlp_seed2 step=2500 val=0.14429 raw=1.2987 elapsed=11.4s
gp_whitened_mlp_seed2 step=3000 val=0.14207 raw=1.2326 elapsed=13.7s
gp_whitened_mlp_seed2 step=3500 val=0.14169 raw=1.206 elapsed=16.0s
gp_whitened_mlp_seed2 step=4000 val=0.13872 raw=1.1895 elapsed=18.3s
gp_whitened_mlp_seed2 step=4500 val=0.13852 raw=1.1759 elapsed=20.6s
gp_whitened_mlp_seed2 step=5000 val=0.13821 raw=1.142 elapsed=22.9s
gp_whitened_mlp_seed2 step=5500 val=0.13658 raw=1.1044 elapsed=25.1s
gp_whitened_mlp_seed2 step=6000 val=0.13666 raw=1.131 elapsed=27.4s
DONE gp_whitened_mlp_seed2 pc1 13.871663869817791 res 0.040410386883157304 rough_ratio 1.0363244580440407
START white_mlp_seed3 params=65464 device=mps steps=6000
white_mlp_seed3 step=500 val=0.99265 raw=0.99265 elapsed=2.3s
white_mlp_seed3 step=1000 val=0.85581 raw=0.85581 elapsed=4.5s
white_mlp_seed3 step=1500 val=0.79942 raw=0.79942 elapsed=6.8s
white_mlp_seed3 step=2000 val=0.77089 raw=0.77089 elapsed=9.0s
white_mlp_seed3 step=2500 val=0.69763 raw=0.69763 elapsed=11.3s
white_mlp_seed3 step=3000 val=0.69394 raw=0.69394 elapsed=13.6s
white_mlp_seed3 step=3500 val=0.70342 raw=0.70342 elapsed=15.8s
white_mlp_seed3 step=4000 val=0.71238 raw=0.71238 elapsed=18.0s
white_mlp_seed3 step=4500 val=0.65004 raw=0.65004 elapsed=20.3s
white_mlp_seed3 step=5000 val=0.64381 raw=0.64381 elapsed=22.6s
white_mlp_seed3 step=5500 val=0.64672 raw=0.64672 elapsed=24.9s
white_mlp_seed3 step=6000 val=0.63834 raw=0.63834 elapsed=27.1s
DONE white_mlp_seed3 pc1 6.719282652820198 res 0.12013619134588768 rough_ratio 1.1137065943769509
START white_s4_seed3 params=65281 device=mps steps=6000
white_s4_seed3 step=500 val=1.1569 raw=1.1569 elapsed=6.1s
white_s4_seed3 step=1000 val=0.86486 raw=0.86486 elapsed=12.2s
white_s4_seed3 step=1500 val=0.88194 raw=0.88194 elapsed=18.6s
white_s4_seed3 step=2000 val=0.79454 raw=0.79454 elapsed=24.8s
white_s4_seed3 step=2500 val=0.71575 raw=0.71575 elapsed=31.0s
white_s4_seed3 step=3000 val=0.69958 raw=0.69958 elapsed=37.1s
white_s4_seed3 step=3500 val=0.73058 raw=0.73058 elapsed=43.1s
white_s4_seed3 step=4000 val=0.73019 raw=0.73019 elapsed=49.2s
white_s4_seed3 step=4500 val=0.6891 raw=0.6891 elapsed=55.7s
white_s4_seed3 step=5000 val=0.64796 raw=0.64796 elapsed=62.1s
white_s4_seed3 step=5500 val=0.6739 raw=0.6739 elapsed=68.1s
white_s4_seed3 step=6000 val=0.66976 raw=0.66976 elapsed=74.5s
DONE white_s4_seed3 pc1 7.564473394749338 res 0.12003688978175896 rough_ratio 1.0601413475892023
START gp_mlp_seed3 params=65464 device=mps steps=6000
gp_mlp_seed3 step=500 val=1.9383 raw=1.9383 elapsed=2.3s
gp_mlp_seed3 step=1000 val=1.5807 raw=1.5807 elapsed=4.7s
gp_mlp_seed3 step=1500 val=1.521 raw=1.521 elapsed=7.0s
gp_mlp_seed3 step=2000 val=1.4019 raw=1.4019 elapsed=9.3s
gp_mlp_seed3 step=2500 val=1.3318 raw=1.3318 elapsed=11.5s
gp_mlp_seed3 step=3000 val=1.3273 raw=1.3273 elapsed=13.7s
gp_mlp_seed3 step=3500 val=1.3682 raw=1.3682 elapsed=16.0s
gp_mlp_seed3 step=4000 val=1.3911 raw=1.3911 elapsed=18.2s
gp_mlp_seed3 step=4500 val=1.2071 raw=1.2071 elapsed=20.5s
gp_mlp_seed3 step=5000 val=1.2881 raw=1.2881 elapsed=22.7s
gp_mlp_seed3 step=5500 val=1.1986 raw=1.1986 elapsed=24.9s
gp_mlp_seed3 step=6000 val=1.2494 raw=1.2494 elapsed=27.1s
DONE gp_mlp_seed3 pc1 14.76603944916441 res 0.0494238233061632 rough_ratio 0.9827474166017591
START gp_s4_seed3 params=65281 device=mps steps=6000
gp_s4_seed3 step=500 val=1.8978 raw=1.8978 elapsed=6.1s
gp_s4_seed3 step=1000 val=1.6168 raw=1.6168 elapsed=12.1s
gp_s4_seed3 step=1500 val=1.5453 raw=1.5453 elapsed=18.2s
gp_s4_seed3 step=2000 val=1.4836 raw=1.4836 elapsed=24.3s
gp_s4_seed3 step=2500 val=1.4275 raw=1.4275 elapsed=30.5s
gp_s4_seed3 step=3000 val=1.4149 raw=1.4149 elapsed=36.6s
gp_s4_seed3 step=3500 val=1.3371 raw=1.3371 elapsed=42.7s
gp_s4_seed3 step=4000 val=1.4643 raw=1.4643 elapsed=48.9s
gp_s4_seed3 step=4500 val=1.264 raw=1.264 elapsed=54.9s
gp_s4_seed3 step=5000 val=1.333 raw=1.333 elapsed=61.0s
gp_s4_seed3 step=5500 val=1.2633 raw=1.2633 elapsed=67.0s
gp_s4_seed3 step=6000 val=1.2888 raw=1.2888 elapsed=73.1s
DONE gp_s4_seed3 pc1 16.167333833183797 res 0.0574235509988747 rough_ratio 0.9979784949985652
START gp_whitened_mlp_seed3 params=65464 device=mps steps=6000
gp_whitened_mlp_seed3 step=500 val=0.16761 raw=1.7845 elapsed=2.2s
gp_whitened_mlp_seed3 step=1000 val=0.1549 raw=1.4666 elapsed=4.4s
gp_whitened_mlp_seed3 step=1500 val=0.15204 raw=1.4476 elapsed=6.6s
gp_whitened_mlp_seed3 step=2000 val=0.14657 raw=1.3275 elapsed=8.9s
gp_whitened_mlp_seed3 step=2500 val=0.14553 raw=1.3247 elapsed=11.1s
gp_whitened_mlp_seed3 step=3000 val=0.1426 raw=1.2153 elapsed=13.3s
gp_whitened_mlp_seed3 step=3500 val=0.14088 raw=1.2132 elapsed=15.5s
gp_whitened_mlp_seed3 step=4000 val=0.14087 raw=1.2614 elapsed=17.7s
gp_whitened_mlp_seed3 step=4500 val=0.13926 raw=1.1641 elapsed=20.0s
gp_whitened_mlp_seed3 step=5000 val=0.14046 raw=1.163 elapsed=22.2s
gp_whitened_mlp_seed3 step=5500 val=0.13869 raw=1.1328 elapsed=24.4s
gp_whitened_mlp_seed3 step=6000 val=0.13698 raw=1.121 elapsed=26.6s
DONE gp_whitened_mlp_seed3 pc1 13.604899623783767 res 0.03970886732096283 rough_ratio 1.032606055508463
START white_mlp_seed4 params=65464 device=mps steps=6000
white_mlp_seed4 step=500 val=1.0209 raw=1.0209 elapsed=2.3s
white_mlp_seed4 step=1000 val=0.8342 raw=0.8342 elapsed=4.5s
white_mlp_seed4 step=1500 val=0.77547 raw=0.77547 elapsed=6.8s
white_mlp_seed4 step=2000 val=0.74892 raw=0.74892 elapsed=9.0s
white_mlp_seed4 step=2500 val=0.73726 raw=0.73726 elapsed=11.2s
white_mlp_seed4 step=3000 val=0.68244 raw=0.68244 elapsed=13.5s
white_mlp_seed4 step=3500 val=0.67325 raw=0.67325 elapsed=15.7s
white_mlp_seed4 step=4000 val=0.67194 raw=0.67194 elapsed=18.0s
white_mlp_seed4 step=4500 val=0.67089 raw=0.67089 elapsed=20.3s
white_mlp_seed4 step=5000 val=0.64082 raw=0.64082 elapsed=22.5s
white_mlp_seed4 step=5500 val=0.66398 raw=0.66398 elapsed=24.7s
white_mlp_seed4 step=6000 val=0.65545 raw=0.65545 elapsed=27.0s
DONE white_mlp_seed4 pc1 6.528507334264439 res 0.12337754251578965 rough_ratio 1.0415740634807755
START white_s4_seed4 params=65281 device=mps steps=6000
white_s4_seed4 step=500 val=1.1144 raw=1.1144 elapsed=6.2s
white_s4_seed4 step=1000 val=0.92459 raw=0.92459 elapsed=12.2s
white_s4_seed4 step=1500 val=0.78949 raw=0.78949 elapsed=18.2s
white_s4_seed4 step=2000 val=0.76484 raw=0.76484 elapsed=24.4s
white_s4_seed4 step=2500 val=0.73759 raw=0.73759 elapsed=30.6s
white_s4_seed4 step=3000 val=0.71373 raw=0.71373 elapsed=36.7s
white_s4_seed4 step=3500 val=0.69356 raw=0.69356 elapsed=42.7s
white_s4_seed4 step=4000 val=0.67165 raw=0.67165 elapsed=48.8s
white_s4_seed4 step=4500 val=0.68854 raw=0.68854 elapsed=54.8s
white_s4_seed4 step=5000 val=0.64226 raw=0.64226 elapsed=60.8s
white_s4_seed4 step=5500 val=0.65972 raw=0.65972 elapsed=66.9s
white_s4_seed4 step=6000 val=0.7206 raw=0.7206 elapsed=72.8s
DONE white_s4_seed4 pc1 6.949489797083352 res 0.12273360109276583 rough_ratio 1.0094487741115472
START gp_mlp_seed4 params=65464 device=mps steps=6000
gp_mlp_seed4 step=500 val=1.8855 raw=1.8855 elapsed=2.2s
gp_mlp_seed4 step=1000 val=1.6441 raw=1.6441 elapsed=4.4s
gp_mlp_seed4 step=1500 val=1.5122 raw=1.5122 elapsed=6.6s
gp_mlp_seed4 step=2000 val=1.441 raw=1.441 elapsed=8.7s
gp_mlp_seed4 step=2500 val=1.3615 raw=1.3615 elapsed=11.0s
gp_mlp_seed4 step=3000 val=1.2997 raw=1.2997 elapsed=13.1s
gp_mlp_seed4 step=3500 val=1.2995 raw=1.2995 elapsed=15.3s
gp_mlp_seed4 step=4000 val=1.2478 raw=1.2478 elapsed=17.5s
gp_mlp_seed4 step=4500 val=1.2424 raw=1.2424 elapsed=19.7s
gp_mlp_seed4 step=5000 val=1.2259 raw=1.2259 elapsed=21.9s
gp_mlp_seed4 step=5500 val=1.2166 raw=1.2166 elapsed=24.1s
gp_mlp_seed4 step=6000 val=1.2182 raw=1.2182 elapsed=26.3s
DONE gp_mlp_seed4 pc1 15.079460337434101 res 0.04979229073072517 rough_ratio 1.0704177278436398
START gp_s4_seed4 params=65281 device=mps steps=6000
gp_s4_seed4 step=500 val=1.8938 raw=1.8938 elapsed=6.0s
gp_s4_seed4 step=1000 val=1.6202 raw=1.6202 elapsed=12.0s
gp_s4_seed4 step=1500 val=1.4875 raw=1.4875 elapsed=17.9s
gp_s4_seed4 step=2000 val=1.4419 raw=1.4419 elapsed=24.0s
gp_s4_seed4 step=2500 val=1.3695 raw=1.3695 elapsed=30.0s
gp_s4_seed4 step=3000 val=1.3023 raw=1.3023 elapsed=35.9s
gp_s4_seed4 step=3500 val=1.3162 raw=1.3162 elapsed=42.1s
gp_s4_seed4 step=4000 val=1.3198 raw=1.3198 elapsed=48.2s
gp_s4_seed4 step=4500 val=1.2927 raw=1.2927 elapsed=54.2s
gp_s4_seed4 step=5000 val=1.2262 raw=1.2262 elapsed=60.1s
gp_s4_seed4 step=5500 val=1.2261 raw=1.2261 elapsed=66.1s
gp_s4_seed4 step=6000 val=1.2241 raw=1.2241 elapsed=72.1s
DONE gp_s4_seed4 pc1 14.855021306708858 res 0.057685352284676375 rough_ratio 1.0562900568949745
START gp_whitened_mlp_seed4 params=65464 device=mps steps=6000
gp_whitened_mlp_seed4 step=500 val=0.1653 raw=1.7124 elapsed=2.2s
gp_whitened_mlp_seed4 step=1000 val=0.15411 raw=1.5392 elapsed=4.4s
gp_whitened_mlp_seed4 step=1500 val=0.14863 raw=1.3842 elapsed=6.6s
gp_whitened_mlp_seed4 step=2000 val=0.14682 raw=1.3535 elapsed=8.8s
gp_whitened_mlp_seed4 step=2500 val=0.14413 raw=1.2679 elapsed=11.0s
gp_whitened_mlp_seed4 step=3000 val=0.14182 raw=1.2209 elapsed=13.2s
gp_whitened_mlp_seed4 step=3500 val=0.1405 raw=1.2017 elapsed=15.4s
gp_whitened_mlp_seed4 step=4000 val=0.13862 raw=1.153 elapsed=17.7s
gp_whitened_mlp_seed4 step=4500 val=0.13877 raw=1.1594 elapsed=19.8s
gp_whitened_mlp_seed4 step=5000 val=0.1378 raw=1.1219 elapsed=22.0s
gp_whitened_mlp_seed4 step=5500 val=0.13639 raw=1.1134 elapsed=24.2s
gp_whitened_mlp_seed4 step=6000 val=0.13623 raw=1.1218 elapsed=26.4s
DONE gp_whitened_mlp_seed4 pc1 13.535156387584127 res 0.04015431907246168 rough_ratio 1.0232816365339736
